00001000 EXEC_RESET_ENTR  00001004 EXEC_STIC_VBLAN  00001126 EXEC_VBLANK      
00001668 EXEC_SIGN_EXTEN  0000169e EXEC_RANDOM      00001738 EXEC_ZERO_MEMOR  
00001741 EXEC_FILL_MEMOR  00001777 EXEC_GET_CARD_P  000017c1 EXEC_PUSH_R1_R4  
00001867 EXEC_WRITE_STRI  0000187b EXEC_WRITE_INLI  000018ad EXEC_WRITE_NUMB  
000018c5 EXEC_WRITE_NUMB  00001910 EXEC_READ_NUMBE  00001a83 EXEC_SILENCE_SO  
00001b27 EXEC_PLAY_FLUTE  00001b5d EXEC_PLAY_ORGAN  00001b95 EXEC_STOCK_SOUN  
00001bbe EXEC_NOISE_ENVE  00001dd8 EXEC_SQUARE      00001ddc EXEC_MULTIPLY    
00001df8 EXEC_DIVIDE      00001ec4 EXEC_RAZZ        00001ed5 EXEC_CHEER       
00001f1d EXEC_WHISTLE     
			; Intellivision Executive ROM -- byte-exact reconstruction.
			; Generated by executive/reconstruct.py; do not hand-edit this file.
			; Source: roms/Executive ROM, The (1978) (Mattel).int (SHA-256 1aeb614856beba95463166daf09304b414d5617d3f37d221724b3337fc4b2722)
			; The ROM is 4096 10-bit decles mapped at $1000-$1FFF.

			        ROMW    10
 0x1000                         ORG     $1000

			; EXEC_RESET_ENTRY ($1000)
 0x1000                 EXEC_RESET_ENTRY:
1000 0004 0112 0026 	        DECLE   $004, $112, $026, $0AF    ; $1000
1003 00af 
			; EXEC_STIC_VBLANK_ENTRY ($1004)
 0x1004                 EXEC_STIC_VBLANK_ENTRY:
1004 0270 0030 0270 	        DECLE   $270, $030, $270, $271, $272, $034, $273, $274    ; $1004
1007 0271 0272 0034 0273 0274 
100c 0275 00bd 02fd 	        DECLE   $275, $0BD, $2FD, $006, $2BC, $100, $001, $2A7    ; $100C
100f 0006 02bc 0100 0001 02a7 
1014 02b5 02b4 02b3 	        DECLE   $2B5, $2B4, $2B3, $2B2, $2B1, $2B0, $038, $2B0    ; $1014
1017 02b2 02b1 02b0 0038 02b0 
101c 02b7 02a9 0041 	        DECLE   $2B7, $2A9, $041, $288, $040, $3B8, $0FC, $22C    ; $101C
101f 0288 0040 03b8 00fc 022c 
1024 0021 008f 02be 	        DECLE   $021, $08F, $2BE, $2F1, $004, $118, $283, $2B8    ; $1024
1027 02f1 0004 0118 0283 02b8 
102c 0026 0240 0100 	        DECLE   $026, $240, $100, $2B8, $011, $240, $101, $001    ; $102C
102f 02b8 0011 0240 0101 0001 
1034 02b8 0014 0050 	        DECLE   $2B8, $014, $050, $240, $2F0, $004, $110, $01D    ; $1034
1037 0240 02f0 0004 0110 001d 
103c 0070 0004 0110 	        DECLE   $070, $004, $110, $01D, $048, $2B8, $0FE, $2BC    ; $103C
103f 001d 0048 02b8 00fe 02bc 
1044 0102 0004 0114 	        DECLE   $102, $004, $114, $338, $004, $110, $060, $35E    ; $1044
1047 0338 0004 0110 0060 035e 
104c 03ff 0147 0001 	        DECLE   $3FF, $147, $001, $115, $00C, $116, $0A0, $117    ; $104C
104f 0115 000c 0116 00a0 0117 
1054 0008 0118 0060 	        DECLE   $008, $118, $060, $119, $008, $104, $008, $102    ; $1054
1057 0119 0008 0104 0008 0102 
105c 0084 0000 02a8 	        DECLE   $084, $000, $2A8, $248, $2A9, $089, $22C, $005    ; $105C
105f 0248 02a9 0089 022c 0005 
1064 0002 0340 0102 	        DECLE   $002, $340, $102, $224, $003, $004, $11C, $238    ; $1064
1067 0224 0003 0004 011c 0238 
106c 0004 0116 03b3 	        DECLE   $004, $116, $3B3, $004, $114, $3FE, $2B8, $090    ; $106C
106f 0004 0114 03fe 02b8 0090 
1074 0240 0102 0001 	        DECLE   $240, $102, $001, $2B8, $006, $019, $240, $35D    ; $1074
1077 02b8 0006 0019 0240 035d 
107c 0004 0114 00f1 	        DECLE   $004, $114, $0F1, $004, $114, $01C, $004, $110    ; $107C
107f 0004 0114 001c 0004 0110 
1084 00ab 000e 0245 	        DECLE   $0AB, $00E, $245, $105, $33C, $00B, $0BD, $2FD    ; $1084
1087 0105 033c 000b 00bd 02fd 
108c 0004 0001 02a7 	        DECLE   $004, $001, $2A7, $002, $280, $102, $010, $223    ; $108C
108f 0002 0280 0102 0010 0223 
1094 0005 0281 0103 	        DECLE   $005, $281, $103, $241, $102, $020, $004, $114    ; $1094
1097 0241 0102 0020 0004 0114 
109c 027d 0004 0110 	        DECLE   $27D, $004, $110, $1FA, $004, $114, $3D5, $004    ; $109C
109f 01fa 0004 0114 03d5 0004 
10a4 0114 00f1 0004 	        DECLE   $114, $0F1, $004, $118, $2AD, $220, $01B, $2AC    ; $10A4
10a7 0118 02ad 0220 001b 02ac 
10ac 0275 037c 000c 	        DECLE   $275, $37C, $00C, $20D, $007, $2C4, $2F0, $33C    ; $10AC
10af 020d 0007 02c4 02f0 033c 
10b4 0014 0001 02a5 	        DECLE   $014, $001, $2A5, $2B7, $2C4, $2F0, $33C, $014    ; $10B4
10b7 02b7 02c4 02f0 033c 0014 
10bc 02a5 02b7 007d 	        DECLE   $2A5, $2B7, $07D, $201, $03F, $202, $013, $07D    ; $10BC
10bf 0201 003f 0202 0013 007d 
10c4 0201 003b 0202 	        DECLE   $201, $03B, $202, $086, $07D, $201, $03C, $202    ; $10C4
10c7 0086 007d 0201 003c 0202 
10cc 0051 02b9 0080 	        DECLE   $051, $2B9, $080, $241, $02C, $009, $241, $102    ; $10CC
10cf 0241 002c 0009 0241 0102 
10d4 0200 0028 0285 	        DECLE   $200, $028, $285, $021, $1ED, $2BC, $030, $265    ; $10D4
10d7 0021 01ed 02bc 0030 0265 
10dc 0265 0265 02b8 	        DECLE   $265, $265, $2B8, $00B, $240, $028, $240, $02C    ; $10DC
10df 000b 0240 0028 0240 002c 
10e4 0268 037d 0008 	        DECLE   $268, $37D, $008, $22C, $004, $001, $2B9, $0A8    ; $10E4
10e7 022c 0004 0001 02b9 00a8 
10ec 0036 02bb 0007 	        DECLE   $036, $2BB, $007, $2BC, $23D, $004, $11A, $067    ; $10EC
10ef 02bc 023d 0004 011a 0067 
10f4 00a9 02bc 02c9 	        DECLE   $0A9, $2BC, $2C9, $004, $118, $067, $2B8, $088    ; $10F4
10f7 0004 0118 0067 02b8 0088 
10fc 0240 0102 0240 	        DECLE   $240, $102, $240, $020, $2B7, $241, $102, $004    ; $10FC
10ff 0020 02b7 0241 0102 0004 
1104 011e 032f 02b7 	        DECLE   $11E, $32F, $2B7, $004, $110, $0AB, $00D, $245    ; $1104
1107 0004 0110 00ab 000d 0245 
110c 0032 02a0 0078 	        DECLE   $032, $2A0, $078, $280, $021, $209, $002, $240    ; $110C
110f 0280 0021 0209 0002 0240 
1114 0021 02b9 0028 	        DECLE   $021, $2B9, $028, $2B8, $005, $004, $114, $330    ; $1114
1117 02b8 0005 0004 0114 0330 
111c 0241 0106 0281 	        DECLE   $241, $106, $281, $106, $241, $02C, $2B8, $003    ; $111C
111f 0106 0241 002c 02b8 0003 
1124 0220 0029 		        DECLE   $220, $029    ; $1124
			; EXEC_VBLANK ($1126)
 0x1126                 EXEC_VBLANK:
1126 0275 0281 0102 	        DECLE   $275, $281, $102, $041, $041, $22B, $06E, $011    ; $1126
1129 0041 0041 022b 006e 0011 
112e 020b 001e 0241 	        DECLE   $20B, $01E, $241, $102, $379, $003, $20D, $018    ; $112E
1131 0102 0379 0003 020d 0018 
1136 0004 0110 0154 	        DECLE   $004, $110, $154, $280, $114, $080, $204, $006    ; $1136
1139 0280 0114 0080 0204 0006 
113e 03c0 0102 020c 	        DECLE   $3C0, $102, $20C, $00C, $240, $114, $240, $020    ; $113E
1141 000c 0240 0114 0240 0020 
1146 0004 0110 01c0 	        DECLE   $004, $110, $1C0, $004, $114, $014, $200, $002    ; $1146
1149 0004 0114 0014 0200 0002 
114e 0240 0020 02b5 	        DECLE   $240, $020, $2B5, $004, $318, $2BD, $275, $049    ; $114E
1151 0004 0318 02bd 0275 0049 
1156 00cf 0200 0052 	        DECLE   $0CF, $200, $052, $200, $006, $1ED, $2BC, $31D    ; $1156
1159 0200 0006 01ed 02bc 031d 
115e 01db 0200 0006 	        DECLE   $1DB, $200, $006, $2BD, $004, $2BC, $33D, $2BB    ; $115E
1161 02bd 0004 02bc 033d 02bb 
1166 0004 02a0 0081 	        DECLE   $004, $2A0, $081, $065, $065, $3B9, $380, $049    ; $1166
1169 0065 0065 03b9 0380 0049 
116e 02a2 0092 02a2 	        DECLE   $2A2, $092, $2A2, $204, $004, $343, $104, $205    ; $116E
1171 0204 0004 0343 0104 0205 
1176 0003 02ba 00ff 	        DECLE   $003, $2BA, $0FF, $00F, $042, $3BA, $0FF, $1D1    ; $1176
1179 000f 0042 03ba 00ff 01d1 
117e 0269 0081 0061 	        DECLE   $269, $081, $061, $3B9, $3E0, $04D, $2A2, $042    ; $117E
1181 03b9 03e0 004d 02a2 0042 
1186 03ba 007f 01d1 	        DECLE   $3BA, $07F, $1D1, $2FD, $007, $269, $081, $3B8    ; $1186
1189 02fd 0007 0269 0081 03b8 
118e 0007 03b9 0030 	        DECLE   $007, $3B9, $030, $3F9, $008, $041, $1C1, $09A    ; $118E
1191 03f9 0008 0041 01c1 009a 
1196 02c2 02f0 03d1 	        DECLE   $2C2, $2F0, $3D1, $2FD, $007, $269, $2FD, $007    ; $1196
1199 02fd 0007 0269 02fd 0007 
119e 01c0 0268 02fc 	        DECLE   $1C0, $268, $2FC, $004, $33D, $018, $00B, $098    ; $119E
11a1 0004 033d 0018 000b 0098 
11a6 03b8 0003 022c 	        DECLE   $3B8, $003, $22C, $042, $2B7, $2BC, $018, $2BD    ; $11A6
11a9 0042 02b7 02bc 0018 02bd 
11ae 0107 02a0 0268 	        DECLE   $107, $2A0, $268, $040, $070, $034, $072, $070    ; $11AE
11b1 0040 0070 0034 0072 0070 
11b6 0073 037d 010f 	        DECLE   $073, $37D, $10F, $22C, $00B, $042, $26A, $043    ; $11B6
11b9 022c 000b 0042 026a 0043 
11be 026b 02b7 0275 	        DECLE   $26B, $2B7, $275, $284, $112, $282, $111, $07E    ; $11BE
11c1 0284 0112 0282 0111 007e 
11c6 0004 0110 01d1 	        DECLE   $004, $110, $1D1, $284, $113, $282, $111, $062    ; $11C6
11c9 0284 0113 0282 0111 0062 
11ce 007a 000a 000f 	        DECLE   $07A, $00A, $00F, $275, $014, $22B, $0D4, $1C9    ; $11CE
11d1 0275 0014 022b 00d4 01c9 
11d6 0029 00e4 00e4 	        DECLE   $029, $0E4, $0E4, $0E4, $285, $2F0, $0EA, $33D    ; $11D6
11d9 00e4 0285 02f0 00ea 033d 
11de 0014 0001 02ec 	        DECLE   $014, $001, $2EC, $295, $001, $2FD, $000, $038    ; $11DE
11e1 0295 0001 02fd 0000 0038 
11e6 02a0 0268 02a0 	        DECLE   $2A0, $268, $2A0, $268, $2A0, $268, $2A0, $268    ; $11E6
11e9 0268 02a0 0268 02a0 0268 
11ee 02a0 0268 02a0 	        DECLE   $2A0, $268, $2A0, $268, $2A0, $268, $2A0, $268    ; $11EE
11f1 0268 02a0 0268 02a0 0268 
11f6 0011 0224 0012 	        DECLE   $011, $224, $012, $2B7, $275, $1C0, $2B9, $31D    ; $11F6
11f9 02b7 0275 01c0 02b9 031d 
11fe 02ba 0001 0200 	        DECLE   $2BA, $001, $200, $01F, $240, $11B, $241, $31B    ; $11FE
1201 001f 0240 011b 0241 031b 
1206 0242 011c 0004 	        DECLE   $242, $11C, $004, $110, $226, $02F, $012, $004    ; $1206
1209 0110 0226 002f 0012 0004 
120e 0110 0226 000b 	        DECLE   $110, $226, $00B, $013, $004, $110, $226, $0F9    ; $120E
1211 0013 0004 0110 0226 00f9 
1216 0013 0282 011c 	        DECLE   $013, $282, $11C, $04A, $281, $31B, $2F9, $008    ; $1216
1219 004a 0281 031b 02f9 0008 
121e 0280 011b 0008 	        DECLE   $280, $11B, $008, $340, $104, $225, $022, $2B7    ; $121E
1221 0340 0104 0225 0022 02b7 
1226 0281 031b 0009 	        DECLE   $281, $31B, $009, $28C, $0A4, $224, $015, $001    ; $1226
1229 028c 00a4 0224 0015 0001 
122e 02af 0275 0244 	        DECLE   $2AF, $275, $244, $319, $2A1, $3B9, $300, $20C    ; $122E
1231 0319 02a1 03b9 0300 020c 
1236 0012 0280 011c 	        DECLE   $012, $280, $11C, $380, $110, $204, $00C, $274    ; $1236
1239 0380 0110 0204 000c 0274 
123e 0014 0001 03e1 	        DECLE   $014, $001, $3E1, $204, $005, $241, $31C, $004    ; $123E
1241 0204 0005 0241 031c 0004 
1246 0114 00a1 02b4 	        DECLE   $114, $0A1, $2B4, $2FC, $005, $2A0, $078, $209    ; $1246
1249 02fc 0005 02a0 0078 0209 
124e 0012 0001 02a2 	        DECLE   $012, $001, $2A2, $281, $11C, $381, $10F, $204    ; $124E
1251 0281 011c 0381 010f 0204 
1256 0009 0242 031c 	        DECLE   $009, $242, $31C, $270, $274, $004, $114, $0A1    ; $1256
1259 0270 0274 0004 0114 00a1 
125e 02b4 02b0 0080 	        DECLE   $2B4, $2B0, $080, $224, $03D, $281, $11B, $2F9    ; $125E
1261 0224 003d 0281 011b 02f9 
1266 0107 0289 03b9 	        DECLE   $107, $289, $3B9, $0FF, $224, $046, $1ED, $079    ; $1266
1269 00ff 0224 0046 01ed 0079 
126e 0209 0022 0275 	        DECLE   $209, $022, $275, $274, $271, $270, $2A2, $042    ; $126E
1271 0274 0271 0270 02a2 0042 
1276 0076 01db 0057 	        DECLE   $076, $1DB, $057, $2A1, $041, $071, $053, $16B    ; $1276
1279 02a1 0041 0071 0053 016b 
127e 020c 000b 0049 	        DECLE   $20C, $00B, $049, $04E, $042, $1CA, $242, $31C    ; $127E
1281 004e 0042 01ca 0242 031c 
1286 0004 0110 029b 	        DECLE   $004, $110, $29B, $200, $003, $010, $22C, $019    ; $1286
1289 0200 0003 0010 022c 0019 
128e 02b0 02b1 02b4 	        DECLE   $2B0, $2B1, $2B4, $2B5, $00D, $345, $104, $22D    ; $128E
1291 02b5 000d 0345 0104 022d 
1296 0071 0089 022c 	        DECLE   $071, $089, $22C, $02C, $2B7, $275, $098, $004    ; $1296
1299 002c 02b7 0275 0098 0004 
129e 0114 036c 0009 	        DECLE   $114, $36C, $009, $288, $080, $224, $07F, $281    ; $129E
12a1 0288 0080 0224 007f 0281 
12a6 031b 0009 028a 	        DECLE   $31B, $009, $28A, $342, $319, $204, $1F3, $2B7    ; $12A6
12a9 0342 0319 0204 01f3 02b7 
12ae 0275 0004 0114 	        DECLE   $275, $004, $114, $2F7, $229, $08E, $2B8, $001    ; $12AE
12b1 02f7 0229 008e 02b8 0001 
12b6 0165 0206 002c 	        DECLE   $165, $206, $02C, $048, $200, $029, $275, $004    ; $12B6
12b9 0048 0200 0029 0275 0004 
12be 0114 030f 0229 	        DECLE   $114, $30F, $229, $09C, $2B8, $001, $165, $206    ; $12BE
12c1 009c 02b8 0001 0165 0206 
12c6 0006 0048 0200 	        DECLE   $006, $048, $200, $003, $275, $2B8, $003, $270    ; $12C6
12c9 0003 0275 02b8 0003 0270 
12ce 008c 0098 0004 	        DECLE   $08C, $098, $004, $114, $36C, $2F9, $003, $288    ; $12CE
12d1 0114 036c 02f9 0003 0288 
12d6 02ba 00ff 0040 	        DECLE   $2BA, $0FF, $040, $190, $011, $042, $38A, $1C2    ; $12D6
12d9 0190 0011 0042 038a 01c2 
12de 00a1 02b0 0200 	        DECLE   $0A1, $2B0, $200, $003, $275, $2B8, $003, $273    ; $12DE
12e1 0003 0275 02b8 0003 0273 
12e6 008c 02fc 0002 	        DECLE   $08C, $2FC, $002, $2F9, $004, $28B, $004, $110    ; $12E6
12e9 02f9 0004 028b 0004 0110 
12ee 02fb 0043 0042 	        DECLE   $2FB, $043, $042, $004, $110, $2FB, $043, $042    ; $12EE
12f1 0004 0110 02fb 0043 0042 
12f6 024b 0339 0004 	        DECLE   $24B, $339, $004, $2B3, $2B7, $362, $09B, $201    ; $12F6
12f9 02b3 02b7 0362 009b 0201 
12fe 0008 0203 0008 	        DECLE   $008, $203, $008, $078, $209, $058, $3BB, $0FF    ; $12FE
1301 0078 0209 0058 03bb 00ff 
1306 00af 0223 0007 	        DECLE   $0AF, $223, $007, $060, $0AF, $275, $08D, $015    ; $1306
1309 0060 00af 0275 008d 0015 
130e 02ab 000d 02a9 	        DECLE   $2AB, $00D, $2A9, $241, $319, $282, $11C, $382    ; $130E
1311 0241 0319 0282 011c 0382 
1316 011a 02aa 0242 	        DECLE   $11A, $2AA, $242, $31A, $2A8, $204, $00C, $081    ; $1316
1319 031a 02a8 0204 000c 0081 
131e 0082 03ba 00ff 	        DECLE   $082, $3BA, $0FF, $1D1, $042, $33D, $00B, $2E9    ; $131E
1321 01d1 0042 033d 000b 02e9 
1326 02ea 0200 0006 	        DECLE   $2EA, $200, $006, $053, $201, $003, $004, $114    ; $1326
1329 0053 0201 0003 0004 0114 
132e 0077 02a3 03bb 	        DECLE   $077, $2A3, $3BB, $300, $043, $09D, $014, $001    ; $132E
1331 0300 0043 009d 0014 0001 
1336 02a3 0243 031c 	        DECLE   $2A3, $243, $31C, $283, $31B, $2FB, $002, $09C    ; $1336
1339 0283 031b 02fb 0002 009c 
133e 0359 0261 020c 	        DECLE   $359, $261, $20C, $004, $362, $224, $11F, $014    ; $133E
1341 0004 0362 0224 011f 0014 
1346 0262 0015 022b 	        DECLE   $262, $015, $22B, $124, $20C, $011, $088, $3C0    ; $1346
1349 0124 020c 0011 0088 03c0 
134e 0319 0203 0007 	        DECLE   $319, $203, $007, $088, $050, $207, $003, $004    ; $134E
1351 0088 0050 0207 0003 0004 
1356 0110 03b1 0092 	        DECLE   $110, $3B1, $092, $2B5, $20B, $05E, $0AF, $2BC    ; $1356
1359 02b5 020b 005e 00af 02bc 
135e 00ff 0041 01a1 	        DECLE   $0FF, $041, $1A1, $042, $1A2, $015, $204, $031    ; $135E
1361 0042 01a2 0015 0204 0031 
1366 0283 0319 0043 	        DECLE   $283, $319, $043, $1A3, $343, $116, $22E, $148    ; $1366
1369 01a3 0343 0116 022e 0148 
136e 0343 0117 0225 	        DECLE   $343, $117, $225, $14C, $283, $31A, $043, $1A3    ; $136E
1371 014c 0283 031a 0043 01a3 
1376 0343 0118 022e 	        DECLE   $343, $118, $22E, $154, $343, $119, $225, $158    ; $1376
1379 0154 0343 0119 0225 0158 
137e 01c0 0341 0116 	        DECLE   $1C0, $341, $116, $20E, $005, $008, $341, $117    ; $137E
1381 020e 0005 0008 0341 0117 
1386 020d 0003 0004 	        DECLE   $20D, $003, $004, $110, $3C3, $2B8, $002, $342    ; $1386
1389 0110 03c3 02b8 0002 0342 
138e 0118 020e 0033 	        DECLE   $118, $20E, $033, $008, $342, $119, $205, $02E    ; $138E
1391 0008 0342 0119 0205 002e 
1396 02b7 0379 00a7 	        DECLE   $2B7, $379, $0A7, $206, $009, $1C0, $379, $0B3    ; $1396
1399 0206 0009 01c0 0379 00b3 
139e 0205 0001 0008 	        DECLE   $205, $001, $008, $004, $110, $3C3, $37A, $067    ; $139E
13a1 0004 0110 03c3 037a 0067 
13a6 0226 0182 02b8 	        DECLE   $226, $182, $2B8, $002, $37A, $073, $205, $016    ; $13A6
13a9 0002 037a 0073 0205 0016 
13ae 0008 0200 0013 	        DECLE   $008, $200, $013, $051, $030, $071, $038, $1C0    ; $13AE
13b1 0051 0030 0071 0038 01c0 
13b6 0209 000b 0200 	        DECLE   $209, $00B, $200, $008, $056, $030, $076, $038    ; $13B6
13b9 0008 0056 0030 0076 0038 
13be 02b8 0002 020a 	        DECLE   $2B8, $002, $20A, $001, $008, $275, $2BD, $001    ; $13BE
13c1 0001 0008 0275 02bd 0001 
13c6 0168 0206 0001 	        DECLE   $168, $206, $001, $0ED, $271, $272, $281, $31B    ; $13C6
13c9 00ed 0271 0272 0281 031b 
13ce 0009 00e9 02fd 	        DECLE   $009, $0E9, $2FD, $318, $2AA, $28B, $24A, $082    ; $13CE
13d1 0318 02aa 028b 024a 0082 
13d6 0004 0114 00a1 	        DECLE   $004, $114, $0A1, $2B2, $2B1, $2B7, $280, $11C    ; $13D6
13d9 02b2 02b1 02b7 0280 011c 
13de 0284 031b 0275 	        DECLE   $284, $31B, $275, $2FC, $002, $2A3, $2A5, $281    ; $13DE
13e1 02fc 0002 02a3 02a5 0281 
13e6 011a 0181 0224 	        DECLE   $11A, $181, $224, $1C4, $060, $2A1, $08A, $3BA    ; $13E6
13e9 01c4 0060 02a1 008a 03ba 
13ee 00ff 01d1 0042 	        DECLE   $0FF, $1D1, $042, $10B, $115, $33C, $00B, $263    ; $13EE
13f1 010b 0115 033c 000b 0263 
13f6 0265 0220 0013 	        DECLE   $265, $220, $013, $2F9, $005, $28B, $33B, $001    ; $13F6
13f9 02f9 0005 028b 033b 0001 
13fe 0225 00a3 024b 	        DECLE   $225, $0A3, $24B, $280, $11B, $204, $091, $3BB    ; $13FE
1401 0280 011b 0204 0091 03bb 
1406 000f 022c 00ac 	        DECLE   $00F, $22C, $0AC, $2BA, $13B, $0C2, $3D3, $224    ; $1406
1409 02ba 013b 00c2 03d3 0224 
140e 00b2 0009 028a 	        DECLE   $0B2, $009, $28A, $004, $318, $1B9, $280, $111    ; $140E
1411 0004 0318 01b9 0280 0111 
1416 0064 02f8 0002 	        DECLE   $064, $2F8, $002, $1C9, $200, $007, $2B9, $001    ; $1416
1419 01c9 0200 0007 02b9 0001 
141e 0378 0003 020e 	        DECLE   $378, $003, $20E, $001, $049, $275, $271, $3B8    ; $141E
1421 0001 0049 0275 0271 03b8 
1426 0006 0004 0114 	        DECLE   $006, $004, $114, $03F, $273, $271, $008, $004    ; $1426
1429 003f 0273 0271 0008 0004 
142e 0114 003f 0010 	        DECLE   $114, $03F, $010, $079, $050, $2B1, $079, $050    ; $142E
1431 0079 0050 02b1 0079 0050 
1436 02b2 02b1 02bd 	        DECLE   $2B2, $2B1, $2BD, $111, $268, $26A, $26B, $269    ; $1436
1439 0111 0268 026a 026b 0269 
143e 02b7 0275 01db 	        DECLE   $2B7, $275, $1DB, $340, $104, $22D, $21F, $004    ; $143E
1441 0340 0104 022d 021f 0004 
1446 0114 036c 028c 	        DECLE   $114, $36C, $28C, $009, $28A, $092, $224, $228    ; $1446
1449 0009 028a 0092 0224 0228 
144e 02f9 0004 02fa 	        DECLE   $2F9, $004, $2FA, $004, $28B, $06F, $3BB, $0FC    ; $144E
1451 0004 028b 006f 03bb 00fc 
1456 037b 00fc 0204 	        DECLE   $37B, $0FC, $204, $005, $043, $2CB, $209, $00A    ; $1456
1459 0005 0043 02cb 0209 000a 
145e 000f 028b 000b 	        DECLE   $00F, $28B, $00B, $09D, $3BD, $00F, $355, $20C    ; $145E
1461 009d 03bd 000f 0355 020c 
1466 0001 01eb 024b 	        DECLE   $001, $1EB, $24B, $3BB, $00F, $006, $3BC, $040    ; $1466
1469 03bb 000f 0006 03bc 0040 
146e 0204 0002 004b 	        DECLE   $204, $002, $04B, $007, $051, $00A, $2D3, $00B    ; $146E
1471 0007 0051 000a 02d3 000b 
1476 02b7 0272 0082 	        DECLE   $2B7, $272, $082, $204, $019, $3BA, $0FF, $1D0    ; $1476
1479 0204 0019 03ba 00ff 01d0 
147e 0042 02c7 0115 	        DECLE   $042, $2C7, $115, $06C, $06E, $06C, $06E, $06C    ; $147E
1481 006c 006e 006c 006e 006c 
1486 00c1 006e 02f2 	        DECLE   $0C1, $06E, $2F2, $0AF, $06C, $06E, $034, $06C    ; $1486
1489 00af 006c 006e 0034 006c 
148e 006e 006c 006e 	        DECLE   $06E, $06C, $06E, $068, $0C1, $06A, $2F2, $0AF    ; $148E
1491 0068 00c1 006a 02f2 00af 
1496 0275 02fc 0002 	        DECLE   $275, $2FC, $002, $001, $2A1, $241, $31C, $004    ; $1496
1499 0001 02a1 0241 031c 0004 
149e 0118 018d 02b5 	        DECLE   $118, $18D, $2B5, $281, $31B, $009, $28C, $011    ; $149E
14a1 0281 031b 0009 028c 0011 
14a6 00a4 0224 014c 	        DECLE   $0A4, $224, $14C, $284, $31C, $0A4, $224, $151    ; $14A6
14a9 0284 031c 00a4 0224 0151 
14ae 0280 011b 00a7 	        DECLE   $280, $11B, $0A7, $274, $2BC, $019, $244, $11E    ; $14AE
14b1 0274 02bc 0019 0244 011e 
14b6 02b7 02b9 00ff 	        DECLE   $2B7, $2B9, $0FF, $290, $040, $3D8, $018, $22C    ; $14B6
14b9 0290 0040 03d8 0018 022c 
14be 0007 0011 022c 	        DECLE   $007, $011, $22C, $008, $0AF, $275, $270, $271    ; $14BE
14c1 0008 00af 0275 0270 0271 
14c6 02ba 01fe 02bb 	        DECLE   $2BA, $1FE, $2BB, $1FF, $004, $114, $0B7, $008    ; $14C6
14c9 01ff 0004 0114 00b7 0008 
14ce 0004 0114 027d 	        DECLE   $004, $114, $27D, $290, $040, $3D8, $018, $224    ; $14CE
14d1 0290 0040 03d8 0018 0224 
14d6 0009 02b8 01ff 	        DECLE   $009, $2B8, $1FF, $010, $22C, $002, $290, $040    ; $14D6
14d9 0010 022c 0002 0290 0040 
14de 03d8 0018 0270 	        DECLE   $3D8, $018, $270, $004, $114, $0B7, $2B5, $2B1    ; $14DE
14e1 0004 0114 00b7 02b5 02b1 
14e6 02b0 0220 0036 	        DECLE   $2B0, $220, $036, $001, $3FF, $3FE, $006, $3FD    ; $14E6
14e9 0001 03ff 03fe 0006 03fd 
14ee 0004 0008 0000 	        DECLE   $004, $008, $000, $275, $2B9, $05A, $341, $1FE    ; $14EE
14f1 0275 02b9 005a 0341 01fe 
14f6 0204 000f 0341 	        DECLE   $204, $00F, $341, $1FF, $204, $00B, $2BC, $11D    ; $14F6
14f9 01ff 0204 000b 02bc 011d 
14fe 00a5 0001 02a0 	        DECLE   $0A5, $001, $2A0, $010, $268, $040, $268, $20C    ; $14FE
1501 0010 0268 0040 0268 020c 
1506 001c 02b8 0080 	        DECLE   $01C, $2B8, $080, $240, $102, $2BC, $1FB, $0A5    ; $1506
1509 0240 0102 02bc 01fb 00a5 
150e 01db 02a0 026b 	        DECLE   $1DB, $2A0, $26B, $2A1, $26B, $2A2, $26B, $272    ; $150E
1511 02a1 026b 02a2 026b 0272 
1516 0004 0114 00c3 	        DECLE   $004, $114, $0C3, $2B2, $2BD, $1FB, $268, $269    ; $1516
1519 02b2 02bd 01fb 0268 0269 
151e 026a 02b8 00a0 	        DECLE   $26A, $2B8, $0A0, $240, $102, $2B9, $11F, $282    ; $151E
1521 0240 0102 02b9 011f 0282 
1526 01ff 0004 0114 	        DECLE   $1FF, $004, $114, $12F, $2B9, $120, $282, $1FE    ; $1526
1529 012f 02b9 0120 0282 01fe 
152e 000f 0275 03fa 	        DECLE   $00F, $275, $3FA, $0FF, $1C0, $08B, $2FB, $004    ; $152E
1531 00ff 01c0 008b 02fb 0004 
1536 035a 025a 020c 	        DECLE   $35A, $25A, $20C, $011, $093, $3BB, $01F, $066    ; $1536
1539 0011 0093 03bb 001f 0066 
153e 0066 0062 00fa 	        DECLE   $066, $062, $0FA, $33A, $058, $290, $004, $114    ; $153E
1541 033a 0058 0290 0004 0114 
1546 0268 0378 0001 	        DECLE   $268, $378, $001, $20E, $01D, $08A, $2FA, $002    ; $1546
1549 020e 001d 008a 02fa 0002 
154e 0294 00a4 0204 	        DECLE   $294, $0A4, $204, $00F, $270, $271, $273, $1C0    ; $154E
1551 000f 0270 0271 0273 01c0 
1556 0250 0010 00e4 	        DECLE   $250, $010, $0E4, $2FC, $002, $004, $114, $1EB    ; $1556
1559 02fc 0002 0004 0114 01eb 
155e 02b3 02b1 02b0 	        DECLE   $2B3, $2B1, $2B0, $084, $204, $048, $20B, $055    ; $155E
1561 0084 0204 0048 020b 0055 
1566 0200 0028 0273 	        DECLE   $200, $028, $273, $271, $084, $338, $002, $060    ; $1566
1569 0271 0084 0338 0002 0060 
156e 02f9 0002 02c4 	        DECLE   $2F9, $002, $2C4, $35D, $348, $248, $001, $2A2    ; $156E
1571 035d 0348 0248 0001 02a2 
1576 0204 0010 0004 	        DECLE   $204, $010, $004, $110, $0AB, $00C, $0AB, $067    ; $1576
1579 0110 00ab 000c 00ab 0067 
157e 007b 0010 022c 	        DECLE   $07B, $010, $22C, $003, $004, $114, $205, $2B8    ; $157E
1581 0003 0004 0114 0205 02b8 
1586 0001 000f 01c0 	        DECLE   $001, $00F, $1C0, $2B1, $271, $004, $114, $1EF    ; $1586
1589 02b1 0271 0004 0114 01ef 
158e 02b1 02b3 02b8 	        DECLE   $2B1, $2B3, $2B8, $00F, $1E4, $004, $114, $1A6    ; $158E
1591 000f 01e4 0004 0114 01a6 
1596 0012 0013 0003 	        DECLE   $012, $013, $003, $001, $011, $019, $009, $008    ; $1596
1599 0001 0011 0019 0009 0008 
159e 0018 001c 000c 	        DECLE   $018, $01C, $00C, $004, $014, $016, $006, $002    ; $159E
15a1 0004 0014 0016 0006 0002 
15a6 036b 0204 0033 	        DECLE   $36B, $204, $033, $010, $223, $005, $288, $082    ; $15A6
15a9 0010 0223 0005 0288 0082 
15ae 03ba 00bf 03fa 	        DECLE   $3BA, $0BF, $3FA, $040, $24A, $3B8, $0C0, $22C    ; $15AE
15b1 0040 024a 03b8 00c0 022c 
15b6 0100 0010 01e4 	        DECLE   $100, $010, $1E4, $200, $02F, $00C, $09D, $3BB    ; $15B6
15b9 0200 002f 000c 009d 03bb 
15be 000f 0224 0014 	        DECLE   $00F, $224, $014, $1DD, $22C, $017, $2FC, $003    ; $15BE
15c1 01dd 022c 0017 02fc 0003 
15c6 007b 0229 0004 	        DECLE   $07B, $229, $004, $22C, $01E, $0A0, $378, $00B    ; $15C6
15c9 022c 001e 00a0 0378 000b 
15ce 0204 0004 020b 	        DECLE   $204, $004, $20B, $004, $2F8, $00A, $338, $00B    ; $15CE
15d1 0004 02f8 000a 0338 000b 
15d6 03b8 007f 03f8 	        DECLE   $3B8, $07F, $3F8, $080, $2BC, $002, $348, $224    ; $15D6
15d9 0080 02bc 0002 0348 0224 
15de 0128 0248 0271 	        DECLE   $128, $248, $271, $274, $004, $114, $1F9, $2B4    ; $15DE
15e1 0274 0004 0114 01f9 02b4 
15e6 02b1 0288 03b8 	        DECLE   $2B1, $288, $3B8, $07F, $2B5, $2C4, $35D, $001    ; $15E6
15e9 007f 02b5 02c4 035d 0001 
15ee 02a2 0004 0014 	        DECLE   $2A2, $004, $014, $0B1, $092, $20C, $001, $0AF    ; $15EE
15f1 00b1 0092 020c 0001 00af 
15f6 0339 011f 0097 	        DECLE   $339, $11F, $097, $275, $004, $110, $0AB, $00C    ; $15F6
15f9 0275 0004 0110 00ab 000c 
15fe 00a9 02b5 0079 	        DECLE   $0A9, $2B5, $079, $044, $203, $001, $079, $229    ; $15FE
1601 0044 0203 0001 0079 0229 
1606 0011 0004 001c 	        DECLE   $011, $004, $01C, $2AD, $275, $004, $118, $3BB    ; $1606
1609 02ad 0275 0004 0118 03bb 
160e 03e9 0005 000c 	        DECLE   $3E9, $005, $00C, $080, $02B, $040, $018, $00B    ; $160E
1611 0080 002b 0040 0018 000b 
1616 012b 03cf 0000 	        DECLE   $12B, $3CF, $000, $018, $02D, $03B, $040, $03B    ; $1616
1619 0018 002d 003b 0040 003b 
161e 002d 0018 0000 	        DECLE   $02D, $018, $000, $3E8, $3D3, $3C5, $3C0, $3C5    ; $161E
1621 03e8 03d3 03c5 03c0 03c5 
1626 03d3 03e8 02a8 	        DECLE   $3D3, $3E8, $2A8, $275, $272, $004, $114, $237    ; $1626
1629 0275 0272 0004 0114 0237 
162e 0272 0004 0114 	        DECLE   $272, $004, $114, $23D, $2B0, $091, $2B2, $200    ; $162E
1631 023d 02b0 0091 02b2 0200 
1636 0119 0275 0271 	        DECLE   $119, $275, $271, $2F9, $004, $200, $004, $275    ; $1636
1639 02f9 0004 0200 0004 0275 
163e 0271 02f9 0008 	        DECLE   $271, $2F9, $008, $270, $080, $203, $003, $2F9    ; $163E
1641 0270 0080 0203 0003 02f9 
1646 0008 0020 03b9 	        DECLE   $008, $020, $3B9, $00F, $001, $2F9, $018, $016    ; $1646
1649 000f 0001 02f9 0018 0016 
164e 0289 0041 006d 	        DECLE   $289, $041, $06D, $06D, $1D2, $06D, $06D, $078    ; $164E
1651 006d 01d2 006d 006d 0078 
1656 0209 0001 00ca 	        DECLE   $209, $001, $0CA, $049, $080, $22C, $007, $04E    ; $1656
1659 0049 0080 022c 0007 004e 
165e 004a 02fa 0080 	        DECLE   $04A, $2FA, $080, $06E, $06E, $06E, $06E, $2B0    ; $165E
1661 006e 006e 006e 006e 02b0 
1666 02b1 02b7 		        DECLE   $2B1, $2B7    ; $1666
			; EXEC_SIGN_EXTEND_R0 ($1668)
 0x1668                 EXEC_SIGN_EXTEND_R0:
1668 0040 0275 006c 	        DECLE   $040, $275, $06C, $034, $06C, $06C, $06C, $2B7    ; $1668
166b 0034 006c 006c 006c 02b7 
1670 0368 0205 0006 	        DECLE   $368, $205, $006, $368, $206, $002, $015, $2A8    ; $1670
1673 0368 0206 0002 0015 02a8 
1678 00af 0015 02a8 	        DECLE   $0AF, $015, $2A8, $00D, $0AF, $275, $085, $204    ; $1678
167b 000d 00af 0275 0085 0204 
1680 0153 0271 0272 	        DECLE   $153, $271, $272, $1D2, $280, $35E, $04C, $04C    ; $1680
1683 01d2 0280 035e 004c 004c 
1688 0081 03c0 035e 	        DECLE   $081, $3C0, $35E, $041, $049, $1C8, $04D, $1C8    ; $1688
168b 0041 0049 01c8 004d 01c8 
1690 0050 0280 035e 	        DECLE   $050, $280, $35E, $050, $240, $35E, $007, $052    ; $1690
1693 0050 0240 035e 0007 0052 
1698 0015 022c 0014 	        DECLE   $015, $22C, $014, $190, $200, $134    ; $1698
169b 0190 0200 0134 
			; EXEC_RANDOM ($169E)
 0x169e                 EXEC_RANDOM:
169e 0275 0271 0272 	        DECLE   $275, $271, $272, $081, $204, $12E, $1D2, $00A    ; $169E
16a1 0081 0204 012e 01d2 000a 
16a6 0060 022c 0003 	        DECLE   $060, $22C, $003, $090, $004, $114, $27D, $148    ; $16A6
16a9 0090 0004 0114 027d 0148 
16ae 022d 0006 0200 	        DECLE   $22D, $006, $200, $120, $2B8, $001, $275, $004    ; $16AE
16b1 0120 02b8 0001 0275 0004 
16b6 0114 03c1 008c 	        DECLE   $114, $3C1, $08C, $095, $082, $0A9, $004, $118    ; $16B6
16b9 0095 0082 00a9 0004 0118 
16be 0192 0004 0114 	        DECLE   $192, $004, $114, $2D5, $08D, $2BB, $008, $001    ; $16BE
16c1 02d5 008d 02bb 0008 0001 
16c6 02a1 0269 0013 	        DECLE   $2A1, $269, $013, $22C, $005, $012, $22C, $012    ; $16C6
16c9 022c 0005 0012 022c 0012 
16ce 02b7 0275 0004 	        DECLE   $2B7, $275, $004, $114, $2E6, $11A, $2B7, $275    ; $16CE
16d1 0114 02e6 011a 02b7 0275 
16d6 0004 0114 02db 	        DECLE   $004, $114, $2DB, $11A, $2B7, $270, $271, $2A9    ; $16D6
16d9 011a 02b7 0270 0271 02a9 
16de 0275 0004 0114 	        DECLE   $275, $004, $114, $345, $018, $388, $200, $00B    ; $16DE
16e1 0345 0018 0388 0200 000b 
16e6 0270 0271 02a9 	        DECLE   $270, $271, $2A9, $275, $004, $114, $345, $085    ; $16E6
16e9 0275 0004 0114 0345 0085 
16ee 0018 0388 01e8 	        DECLE   $018, $388, $1E8, $248, $2B5, $2B1, $2B0, $275    ; $16EE
16f1 0248 02b5 02b1 02b0 0275 
16f6 02b7 0275 0272 	        DECLE   $2B7, $275, $272, $004, $114, $377, $2B5, $275    ; $16F6
16f9 0004 0114 0377 02b5 0275 
16fe 00a8 03bd 00ff 	        DECLE   $0A8, $3BD, $0FF, $1E8, $040, $102, $203, $001    ; $16FE
1701 01e8 0040 0102 0203 0001 
1706 0022 012b 0203 	        DECLE   $022, $12B, $203, $001, $023, $2B0, $271, $200    ; $1706
1709 0001 0023 02b0 0271 0200 
170e 0013 0275 0098 	        DECLE   $013, $275, $098, $004, $114, $377, $271, $272    ; $170E
1711 0004 0114 0377 0271 0272 
1716 0273 0004 0114 	        DECLE   $273, $004, $114, $372, $333, $203, $001, $023    ; $1716
1719 0372 0333 0203 0001 0023 
171e 0332 0203 0001 	        DECLE   $332, $203, $001, $022, $0A1, $3BC, $0FF, $1E1    ; $171E
1721 0022 00a1 03bc 00ff 01e1 
1726 0041 0111 0209 	        DECLE   $041, $111, $209, $001, $11C, $08D, $2B1, $082    ; $1726
1729 0001 011c 008d 02b1 0082 
172e 0083 02b7 0275 	        DECLE   $083, $2B7, $275, $08D, $2A1, $269, $010, $22C    ; $172E
1731 008d 02a1 0269 0010 022c 
1736 0004 02b7 		        DECLE   $004, $2B7    ; $1736
			; EXEC_ZERO_MEMORY ($1738)
 0x1738                 EXEC_ZERO_MEMORY:
1738 0275 01ed 0270 	        DECLE   $275, $1ED, $270, $265, $010, $22C, $003, $2B0    ; $1738
173b 0265 0010 022c 0003 02b0 
1740 02b7 		        DECLE   $2B7    ; $1740
			; EXEC_FILL_MEMORY ($1741)
 0x1741                 EXEC_FILL_MEMORY:
1741 0275 008d 0220 	        DECLE   $275, $08D, $220, $00A, $275, $085, $2B8, $001    ; $1741
1744 000a 0275 0085 02b8 0001 
1749 000f 0048 0015 	        DECLE   $00F, $048, $015, $223, $003, $2B7, $275, $3B8    ; $1749
174c 0223 0003 02b7 0275 03b8 
1751 00ff 0040 03b9 	        DECLE   $0FF, $040, $3B9, $0FF, $1C8, $2B7, $275, $270    ; $1751
1754 00ff 01c8 02b7 0275 0270 
1759 0004 0114 0268 	        DECLE   $004, $114, $268, $081, $2B0, $220, $0F5, $275    ; $1759
175c 0081 02b0 0220 00f5 0275 
1761 0009 0288 0011 	        DECLE   $009, $288, $011, $080, $2B7, $088, $338, $31D    ; $1761
1764 0080 02b7 0088 0338 031d 
1769 0064 0060 00af 	        DECLE   $064, $060, $0AF, $081, $04D, $049, $2F9, $31D    ; $1769
176c 0081 004d 0049 02f9 031d 
1771 00af 0275 0004 	        DECLE   $0AF, $275, $004, $114, $36C, $00F    ; $1771
1774 0114 036c 000f 
			; EXEC_GET_CARD_POSITION ($1777)
 0x1777                 EXEC_GET_CARD_POSITION:
1777 0275 008d 02fd 	        DECLE   $275, $08D, $2FD, $002, $2AA, $042, $3BA, $0FF    ; $1777
177a 0002 02aa 0042 03ba 00ff 
177f 02ab 0043 03bb 	        DECLE   $2AB, $043, $3BB, $0FF, $2B7, $2A0, $040, $3B8    ; $177F
1782 00ff 02b7 02a0 0040 03b8 
1787 00ff 02a1 0041 	        DECLE   $0FF, $2A1, $041, $3B9, $0FF, $275, $270, $110    ; $1787
178a 03b9 00ff 0275 0270 0110 
178f 0020 0270 0271 	        DECLE   $020, $270, $271, $004, $11C, $1DB, $2B0, $084    ; $178F
1792 0004 011c 01db 02b0 0084 
1797 0118 0020 0270 	        DECLE   $118, $020, $270, $272, $004, $11C, $1DB, $2F2    ; $1797
179a 0272 0004 011c 01db 02f2 
179f 02b1 02b0 02b3 	        DECLE   $2B1, $2B0, $2B3, $2B7, $275, $004, $114, $384    ; $179F
17a2 02b7 0275 0004 0114 0384 
17a7 0083 008c 0091 	        DECLE   $083, $08C, $091, $2B5, $004, $31C, $223, $009    ; $17A7
17aa 02b5 0004 031c 0223 0009 
17af 01c0 0248 0011 	        DECLE   $1C0, $248, $011, $0AF, $275, $2BA, $007, $090    ; $17AF
17b2 00af 0275 02ba 0007 0090 
17b7 0004 0114 036c 	        DECLE   $004, $114, $36C, $004, $114, $3AE, $012, $223    ; $17B7
17ba 0004 0114 03ae 0012 0223 
17bf 0009 02b7 		        DECLE   $009, $2B7    ; $17BF
			; EXEC_PUSH_R1_R4 ($17C1)
 0x17c1                 EXEC_PUSH_R1_R4:
17c1 0271 0272 0273 	        DECLE   $271, $272, $273, $274, $001, $2BC, $0D0, $017    ; $17C1
17c4 0274 0001 02bc 00d0 0017 
17c9 0274 0275 00b5 	        DECLE   $274, $275, $0B5, $33D, $003, $2AC, $2B7, $2B4    ; $17C9
17cc 033d 0003 02ac 02b7 02b4 
17d1 02b3 02b2 02b1 	        DECLE   $2B3, $2B2, $2B1, $2B7, $275, $004, $110, $0AB    ; $17D1
17d4 02b7 0275 0004 0110 00ab 
17d9 0002 02bc 0125 	        DECLE   $002, $2BC, $125, $001, $2A8, $001, $2AB, $080    ; $17D9
17dc 0001 02a8 0001 02ab 0080 
17e1 0204 003a 00a2 	        DECLE   $204, $03A, $0A2, $001, $2A1, $339, $001, $225    ; $17E1
17e4 0001 02a1 0339 0001 0225 
17e9 000d 0094 0261 	        DECLE   $00D, $094, $261, $041, $261, $22C, $013, $094    ; $17E9
17ec 0041 0261 022c 0013 0094 
17f1 0263 0043 0263 	        DECLE   $263, $043, $263, $275, $0BD, $2FD, $004, $274    ; $17F1
17f4 0275 00bd 02fd 0004 0274 
17f9 0087 02b4 02b5 	        DECLE   $087, $2B4, $2B5, $220, $021, $275, $004, $110    ; $17F9
17fc 0220 0021 0275 0004 0110 
1801 00ab 0002 02bc 	        DECLE   $0AB, $002, $2BC, $125, $001, $2A8, $080, $204    ; $1801
1804 0125 0001 02a8 0080 0204 
1809 0013 0001 02a8 	        DECLE   $013, $001, $2A8, $260, $040, $260, $220, $00B    ; $1809
180c 0260 0040 0260 0220 000b 
1811 0275 0274 0004 	        DECLE   $275, $274, $004, $110, $0AB, $002, $2B4, $129    ; $1811
1814 0110 00ab 0002 02b4 0129 
1819 0069 02f9 0125 	        DECLE   $069, $2F9, $125, $08D, $2B7, $275, $271, $272    ; $1819
181c 008d 02b7 0275 0271 0272 
1821 008d 0001 02a8 	        DECLE   $08D, $001, $2A8, $001, $2AA, $04A, $062, $004    ; $1821
1824 0001 02aa 004a 0062 0004 
1829 0118 0011 026a 	        DECLE   $118, $011, $26A, $042, $26A, $2B2, $2B1, $2B7    ; $1829
182c 0042 026a 02b2 02b1 02b7 
1831 0275 0271 0004 	        DECLE   $275, $271, $004, $118, $011, $200, $015, $275    ; $1831
1834 0118 0011 0200 0015 0275 
1839 0271 0004 0118 	        DECLE   $271, $004, $118, $011, $001, $2A8, $048, $007    ; $1839
183c 0011 0001 02a8 0048 0007 
1841 0070 0200 0009 	        DECLE   $070, $200, $009, $275, $271, $004, $118, $011    ; $1841
1844 0275 0271 0004 0118 0011 
1849 0001 02a8 0048 	        DECLE   $001, $2A8, $048, $060, $248, $009, $040, $248    ; $1849
184c 0060 0248 0009 0040 0248 
1851 02b1 02b7 0275 	        DECLE   $2B1, $2B7, $275, $271, $274, $09D, $265, $281    ; $1851
1854 0271 0274 009d 0265 0281 
1859 0105 0071 0201 	        DECLE   $105, $071, $201, $004, $001, $3BD, $0FF, $0DF    ; $1859
185c 0004 0001 03bd 00ff 00df 
1861 0010 022c 000c 	        DECLE   $010, $22C, $00C, $2B4, $2B1, $2B7    ; $1861
1864 02b4 02b1 02b7 
			; EXEC_WRITE_STRING_AT ($1867)
 0x1867                 EXEC_WRITE_STRING_AT:
1867 0275 0007 008d 	        DECLE   $275, $007, $08D, $200, $010, $275, $007, $08D    ; $1867
186a 0200 0010 0275 0007 008d 
186f 0200 0001 0006 	        DECLE   $200, $001, $006, $04B, $073, $275, $004, $118    ; $186F
1872 004b 0073 0275 0004 0118 
1877 0053 02b5 0200 	        DECLE   $053, $2B5, $200, $003    ; $1877
187a 0003 
			; EXEC_WRITE_INLINE_STRING ($187B)
 0x187b                 EXEC_WRITE_INLINE_STRING:
187b 0006 004b 0073 	        DECLE   $006, $04B, $073, $273, $2A8, $3B8, $07F, $20C    ; $187B
187e 0273 02a8 03b8 007f 020c 
1883 0005 009b 02b3 	        DECLE   $005, $09B, $2B3, $20B, $076, $0AF, $338, $020    ; $1883
1886 020b 0076 00af 0338 0020 
188b 004c 0048 01d8 	        DECLE   $04C, $048, $1D8, $260, $280, $105, $070, $221    ; $188B
188e 0260 0280 0105 0070 0221 
1893 0014 0001 03bb 	        DECLE   $014, $001, $3BB, $0FF, $0DF, $220, $01A, $001    ; $1893
1896 00ff 00df 0220 001a 0001 
189b 000a 0064 03e8 	        DECLE   $00A, $064, $3E8, $275, $270, $088, $004, $118    ; $189B
189e 0275 0270 0088 0004 0118 
18a3 0053 02b0 0004 	        DECLE   $053, $2B0, $004, $114, $3C1, $04B, $007, $073    ; $18A3
18a6 0114 03c1 004b 0007 0073 
18ab 0200 001c 		        DECLE   $200, $01C    ; $18AB
			; EXEC_WRITE_NUMBER_ZERO_PADDED ($18AD)
 0x18ad                 EXEC_WRITE_NUMBER_ZERO_PADDED:
18ad 0275 0004 0114 	        DECLE   $275, $004, $114, $3C1, $2BA, $080, $1DA, $200    ; $18AD
18b0 03c1 02ba 0080 01da 0200 
18b5 0014 0275 0270 	        DECLE   $014, $275, $270, $280, $105, $070, $201, $006    ; $18B5
18b8 0280 0105 0070 0201 0006 
18bd 0001 02bd 00ff 	        DECLE   $001, $2BD, $0FF, $0DF, $1AB, $1AA, $2B0, $2B7    ; $18BD
18c0 00df 01ab 01aa 02b0 02b7 
			; EXEC_WRITE_NUMBER_SPACE_PADDED ($18C5)
 0x18c5                 EXEC_WRITE_NUMBER_SPACE_PADDED:
18c5 0275 0004 0114 	        DECLE   $275, $004, $114, $3C1, $09A, $080, $203, $009    ; $18C5
18c8 03c1 009a 0080 0203 0009 
18cd 0020 0011 02bd 	        DECLE   $020, $011, $2BD, $068, $1DD, $265, $004, $118    ; $18CD
18d0 0068 01dd 0265 0004 0118 
18d5 00b6 00f9 0339 	        DECLE   $0B6, $0F9, $339, $03E, $28D, $168, $203, $00D    ; $18D5
18d8 003e 028d 0168 0203 000d 
18dd 0015 0204 000a 	        DECLE   $015, $204, $00A, $09B, $20B, $004, $262, $004    ; $18DD
18e0 009b 020b 0004 0262 0004 
18e5 0118 00b6 0011 	        DECLE   $118, $0B6, $011, $220, $010, $2BA, $080, $308    ; $18E5
18e8 0220 0010 02ba 0080 0308 
18ed 020b 0004 02fa 	        DECLE   $20B, $004, $2FA, $008, $220, $006, $2C8, $1DA    ; $18ED
18f0 0008 0220 0006 02c8 01da 
18f5 0262 0004 0118 	        DECLE   $262, $004, $118, $0B6, $28A, $011, $012, $22C    ; $18F5
18f8 00b6 028a 0011 0012 022c 
18fd 0013 02b7 0004 	        DECLE   $013, $2B7, $004, $018, $110, $000, $000, $04C    ; $18FD
1900 0018 0110 0000 0000 004c 
1905 0019 0000 0000 	        DECLE   $019, $000, $000, $000, $000, $000, $000, $000    ; $1905
1908 0000 0000 0000 0000 0000 
190d 0000 0000 0000 	        DECLE   $000, $000, $000    ; $190D
			; EXEC_READ_NUMBER ($1910)
 0x1910                 EXEC_READ_NUMBER:
1910 0244 035d 02bc 	        DECLE   $244, $35D, $2BC, $131, $262, $339, $200, $261    ; $1910
1913 0131 0262 0339 0200 0261 
1918 0260 02fc 0003 	        DECLE   $260, $2FC, $003, $265, $0A8, $040, $260, $263    ; $1918
191b 0265 00a8 0040 0260 0263 
1920 0043 0263 02bc 	        DECLE   $043, $263, $2BC, $132, $2A1, $2F9, $200, $2A0    ; $1920
1923 0132 02a1 02f9 0200 02a0 
1928 01ed 0265 0265 	        DECLE   $1ED, $265, $265, $265, $2FC, $002, $001, $3E5    ; $1928
192b 0265 02fc 0002 0001 03e5 
1930 024d 0011 0010 	        DECLE   $24D, $011, $010, $22C, $004, $2B7, $275, $280    ; $1930
1933 022c 0004 02b7 0275 0280 
1938 0149 0080 0224 	        DECLE   $149, $080, $224, $03D, $280, $35F, $001, $338    ; $1938
193b 003d 0280 035f 0001 0338 
1940 000a 0016 022b 	        DECLE   $00A, $016, $22B, $045, $378, $014, $22E, $049    ; $1940
1943 0045 0378 0014 022e 0049 
1948 0004 011c 02bd 	        DECLE   $004, $11C, $2BD, $2B7, $275, $341, $131, $22C    ; $1948
194b 02b7 0275 0341 0131 022c 
1950 0052 0378 000a 	        DECLE   $052, $378, $00A, $224, $032, $2BD, $134, $2AA    ; $1950
1953 0224 0032 02bd 0134 02aa 
1958 0378 000b 020c 	        DECLE   $378, $00B, $20C, $00B, $0B8, $338, $057, $283    ; $1958
195b 000b 00b8 0338 0057 0283 
1960 035d 0240 035d 	        DECLE   $35D, $240, $35D, $001, $2A8, $001, $2AF, $2BD    ; $1960
1963 0001 02a8 0001 02af 02bd 
1968 0133 036a 0224 	        DECLE   $133, $36A, $224, $034, $00A, $26A, $0AC, $001    ; $1968
196b 0034 000a 026a 00ac 0001 
1970 02a9 0049 0271 	        DECLE   $2A9, $049, $271, $04D, $2F1, $0C1, $261, $041    ; $1970
1973 004d 02f1 00c1 0261 0041 
1978 0261 0281 0132 	        DECLE   $261, $281, $132, $2F9, $200, $04C, $048, $2F8    ; $1978
197b 02f9 0200 004c 0048 02f8 
1980 0080 02fd 0002 	        DECLE   $080, $2FD, $002, $001, $3E8, $28B, $248, $098    ; $1980
1983 0001 03e8 028b 0248 0098 
1988 0011 0012 022c 	        DECLE   $011, $012, $22C, $006, $2B7, $275, $004, $114    ; $1988
198b 0006 02b7 0275 0004 0114 
1990 036c 000f 0275 	        DECLE   $36C, $00F, $275, $004, $114, $366, $271, $2F9    ; $1990
1993 0004 0114 0366 0271 02f9 
1998 0006 01ed 024d 	        DECLE   $006, $1ED, $24D, $081, $2F9, $13B, $24D, $2B1    ; $1998
199b 0081 02f9 013b 024d 02b1 
19a0 02b7 0007 000f 	        DECLE   $2B7, $007, $00F, $006, $053, $275, $200, $019    ; $19A0
19a3 0006 0053 0275 0200 0019 
19a8 0275 0004 0114 	        DECLE   $275, $004, $114, $366, $00F, $275, $004, $114    ; $19A8
19ab 0366 000f 0275 0004 0114 
19b0 036c 0085 02fd 	        DECLE   $36C, $085, $2FD, $13B, $26B, $2F9, $007, $24A    ; $19B0
19b3 013b 026b 02f9 0007 024a 
19b8 02b5 0007 000f 	        DECLE   $2B5, $007, $00F, $006, $275, $053, $004, $114    ; $19B8
19bb 0006 0275 0053 0004 0114 
19c0 036c 0004 0114 	        DECLE   $36C, $004, $114, $3C1, $2F9, $002, $08C, $274    ; $19C0
19c3 03c1 02f9 0002 008c 0274 
19c8 0273 0093 03bb 	        DECLE   $273, $093, $3BB, $0FF, $1DA, $042, $004, $114    ; $19C8
19cb 00ff 01da 0042 0004 0114 
19d0 03a3 02b1 0098 	        DECLE   $3A3, $2B1, $098, $203, $001, $023, $0DB, $079    ; $19D0
19d3 0203 0001 0023 00db 0079 
19d8 0049 0053 0273 	        DECLE   $049, $053, $273, $271, $093, $004, $11C, $1DC    ; $19D8
19db 0271 0093 0004 011c 01dc 
19e0 02b1 02b5 00a0 	        DECLE   $2B1, $2B5, $0A0, $203, $001, $024, $0E4, $0E4    ; $19E0
19e3 0203 0001 0024 00e4 00e4 
19e8 016c 0205 0005 	        DECLE   $16C, $205, $005, $3BD, $001, $1E5, $3FD, $002    ; $19E8
19eb 03bd 0001 01e5 03fd 0002 
19f0 0275 0094 0004 	        DECLE   $275, $094, $004, $11C, $1DC, $091, $09A, $004    ; $19F0
19f3 011c 01dc 0091 009a 0004 
19f8 011c 01f8 009a 	        DECLE   $11C, $1F8, $09A, $083, $0A1, $004, $11C, $1F8    ; $19F8
19fb 0083 00a1 0004 011c 01f8 
1a00 03bb 00ff 03b8 	        DECLE   $3BB, $0FF, $3B8, $0FF, $040, $1D8, $2B3, $2B4    ; $1A00
1a03 00ff 0040 01d8 02b3 02b4 
1a08 02fc 0002 0260 	        DECLE   $2FC, $002, $260, $07B, $229, $06D, $1C9, $1D2    ; $1A08
1a0b 007b 0229 006d 01c9 01d2 
1a10 0004 0114 0077 	        DECLE   $004, $114, $077, $07B, $201, $001, $08A, $092    ; $1A10
1a13 007b 0201 0001 008a 0092 
1a18 0203 0001 0022 	        DECLE   $203, $001, $022, $099, $041, $061, $062, $004    ; $1A18
1a1b 0099 0041 0061 0062 0004 
1a20 011c 01f8 0080 	        DECLE   $11C, $1F8, $080, $20C, $003, $014, $260, $008    ; $1A20
1a23 020c 0003 0014 0260 0008 
1a28 000c 0260 00a1 	        DECLE   $00C, $260, $0A1, $004, $114, $366, $2B7, $275    ; $1A28
1a2b 0004 0114 0366 02b7 0275 
1a30 0272 01ed 0021 	        DECLE   $272, $1ED, $021, $20D, $004, $2FD, $008, $020    ; $1A30
1a33 020d 0004 02fd 0008 0020 
1a38 0021 0080 020d 	        DECLE   $021, $080, $20D, $006, $08A, $020, $081, $090    ; $1A38
1a3b 0006 008a 0020 0081 0090 
1a40 02fd 0004 008a 	        DECLE   $2FD, $004, $08A, $04E, $150, $20E, $012, $00D    ; $1A40
1a43 004e 0150 020e 0012 000d 
1a48 0082 010a 004e 	        DECLE   $082, $10A, $04E, $150, $206, $00B, $00D, $022    ; $1A48
1a4b 0150 0206 000b 000d 0022 
1a50 0151 020e 0006 	        DECLE   $151, $20E, $006, $00D, $04C, $141, $206, $001    ; $1A50
1a53 000d 004c 0141 0206 0001 
1a58 000d 00a9 03b9 	        DECLE   $00D, $0A9, $3B9, $00F, $2B2, $2B7, $275, $08D    ; $1A58
1a5b 000f 02b2 02b7 0275 008d 
1a60 000f 02a8 0245 	        DECLE   $00F, $2A8, $245, $143, $0A9, $041, $241, $144    ; $1A60
1a63 0143 00a9 0041 0241 0144 
1a68 0004 0110 00ab 	        DECLE   $004, $110, $0AB, $002, $0A9, $2B5, $004, $318    ; $1A68
1a6b 0002 00a9 02b5 0004 0318 
1a70 0031 0275 02bd 	        DECLE   $031, $275, $2BD, $143, $001, $2AF, $343, $146    ; $1A70
1a73 0143 0001 02af 0343 0146 
1a78 0205 0019 020e 	        DECLE   $205, $019, $20E, $004, $073, $201, $014, $053    ; $1A78
1a7b 0004 0073 0201 0014 0053 
1a80 0243 0146 00a7 	        DECLE   $243, $146, $0A7    ; $1A80
			; EXEC_SILENCE_SOUND ($1A83)
 0x1a83                 EXEC_SILENCE_SOUND:
1a83 0275 0270 0271 	        DECLE   $275, $270, $271, $2BC, $1F0, $2B8, $00E, $004    ; $1A83
1a86 02bc 01f0 02b8 000e 0004 
1a8b 0114 0338 02b8 	        DECLE   $114, $338, $2B8, $038, $240, $1F8, $2B1, $2B0    ; $1A8B
1a8e 0038 0240 01f8 02b1 02b0 
1a93 02b7 02bc 0002 	        DECLE   $2B7, $2BC, $002, $244, $148, $245, $35F, $004    ; $1A93
1a96 0244 0148 0245 035f 0004 
1a9b 0118 0283 0240 	        DECLE   $118, $283, $240, $149, $1C0, $240, $145, $2B7    ; $1A9B
1a9e 0149 01c0 0240 0145 02b7 
1aa3 033e 0003 0004 	        DECLE   $33E, $003, $004, $118, $283, $2B8, $0FF, $240    ; $1AA3
1aa6 0118 0283 02b8 00ff 0240 
1aab 0145 02b7 0280 	        DECLE   $145, $2B7, $280, $145, $010, $20B, $00A, $275    ; $1AAB
1aae 0145 0010 020b 000a 0275 
1ab3 01c0 0240 0145 	        DECLE   $1C0, $240, $145, $240, $149, $240, $146, $287    ; $1AB3
1ab6 0240 0149 0240 0146 0287 
1abb 035f 00af 02b9 	        DECLE   $35F, $0AF, $2B9, $148, $288, $010, $248, $22C    ; $1ABB
1abe 0148 0288 0010 0248 022c 
1ac3 0007 0282 0147 	        DECLE   $007, $282, $147, $24A, $3C0, $145, $22C, $00E    ; $1AC3
1ac6 024a 03c0 0145 022c 000e 
1acb 0275 02c7 0149 	        DECLE   $275, $2C7, $149, $248, $2B7, $200, $059, $200    ; $1ACB
1ace 0248 02b7 0200 0059 0200 
1ad3 007e 0200 008b 	        DECLE   $07E, $200, $08B, $200, $09A, $200, $0BF, $200    ; $1AD3
1ad6 0200 009a 0200 00bf 0200 
1adb 0122 005d 000d 	        DECLE   $122, $05D, $00D, $09C, $00C, $0E7, $00B, $03C    ; $1ADB
1ade 009c 000c 00e7 000b 003c 
1ae3 000b 009b 000a 	        DECLE   $00B, $09B, $00A, $003, $00A, $072, $009, $0EB    ; $1AE3
1ae6 0003 000a 0072 0009 00eb 
1aeb 0008 006b 0008 	        DECLE   $008, $06B, $008, $0F2, $007, $07F, $007, $014    ; $1AEB
1aee 00f2 0007 007f 0007 0014 
1af3 0007 0275 0273 	        DECLE   $007, $275, $273, $274, $1C9, $285, $35F, $2AB    ; $1AF3
1af6 0274 01c9 0285 035f 02ab 
1afb 0245 035f 009b 	        DECLE   $245, $35F, $09B, $224, $05C, $07F, $055, $07B    ; $1AFB
1afe 0224 005c 007f 0055 007b 
1b03 0051 01d2 007b 	        DECLE   $051, $1D2, $07B, $052, $37B, $03F, $224, $012    ; $1B03
1b06 0052 037b 003f 0224 0012 
1b0b 0009 004d 0098 	        DECLE   $009, $04D, $098, $204, $014, $1E4, $2BD, $00C    ; $1B0B
1b0e 0204 0014 01e4 02bd 000c 
1b13 000c 012b 0223 	        DECLE   $00C, $12B, $223, $003, $0DD, $0ED, $0FD, $33D    ; $1B13
1b16 0003 00dd 00ed 00fd 033d 
1b1b 003e 0001 02a8 	        DECLE   $03E, $001, $2A8, $060, $014, $22C, $003, $008    ; $1B1B
1b1e 0060 0014 022c 0003 0008 
1b23 0060 02b4 02b3 	        DECLE   $060, $2B4, $2B3, $2B7    ; $1B23
1b26 02b7 
			; EXEC_PLAY_FLUTE ($1B27)
 0x1b27                 EXEC_PLAY_FLUTE:
1b27 02b8 0002 0220 	        DECLE   $2B8, $002, $220, $096, $004, $118, $2F4, $092    ; $1B27
1b2a 0096 0004 0118 02f4 0092 
1b2f 0204 0006 0339 	        DECLE   $204, $006, $339, $002, $2BD, $004, $245, $149    ; $1B2F
1b32 0002 02bd 0004 0245 0149 
1b37 0004 0118 03ae 	        DECLE   $004, $118, $3AE, $2BD, $1F0, $268, $268, $268    ; $1B37
1b3a 02bd 01f0 0268 0268 0268 
1b3f 01d2 026a 0040 	        DECLE   $1D2, $26A, $040, $268, $268, $268, $1D2, $26A    ; $1B3F
1b42 0268 0268 0268 01d2 026a 
1b47 02fd 0003 0080 	        DECLE   $2FD, $003, $080, $204, $002, $2B8, $00F, $268    ; $1B47
1b4a 0204 0002 02b8 000f 0268 
1b4f 0268 0268 02b7 	        DECLE   $268, $268, $2B7, $004, $118, $283, $2B9, $002    ; $1B4F
1b52 0004 0118 0283 02b9 0002 
1b57 0004 0118 03ae 	        DECLE   $004, $118, $3AE, $241, $149, $2B7    ; $1B57
1b5a 0241 0149 02b7 
			; EXEC_PLAY_ORGAN ($1B5D)
 0x1b5d                 EXEC_PLAY_ORGAN:
1b5d 02b8 0006 0220 	        DECLE   $2B8, $006, $220, $0CC, $004, $118, $2F4, $092    ; $1B5D
1b60 00cc 0004 0118 02f4 0092 
1b65 0204 0006 0339 	        DECLE   $204, $006, $339, $002, $2BD, $008, $245, $149    ; $1B65
1b68 0002 02bd 0008 0245 0149 
1b6d 0004 0118 037f 	        DECLE   $004, $118, $37F, $220, $02C, $004, $118, $283    ; $1B6D
1b70 0220 002c 0004 0118 0283 
1b75 02b9 0002 0004 	        DECLE   $2B9, $002, $004, $118, $3AE, $2B9, $006, $241    ; $1B75
1b78 0118 03ae 02b9 0006 0241 
1b7d 0149 02b7 0275 	        DECLE   $149, $2B7, $275, $004, $118, $3AE, $2BD, $1F0    ; $1B7D
1b80 0004 0118 03ae 02bd 01f0 
1b85 0268 0060 0268 	        DECLE   $268, $060, $268, $060, $268, $1D2, $26A, $04C    ; $1B85
1b88 0060 0268 01d2 026a 004c 
1b8d 0040 0268 0034 	        DECLE   $040, $268, $034, $060, $268, $060, $268, $2B7    ; $1B8D
1b90 0060 0268 0060 0268 02b7 
			; EXEC_STOCK_SOUND ($1B95)
 0x1b95                 EXEC_STOCK_SOUND:
1b95 02b8 000a 0220 	        DECLE   $2B8, $00A, $220, $104, $004, $118, $2F4, $004    ; $1B95
1b98 0104 0004 0118 02f4 0004 
1b9d 0118 037f 02b9 	        DECLE   $118, $37F, $2B9, $020, $269, $2FD, $002, $26A    ; $1B9D
1ba0 0020 0269 02fd 0002 026a 
1ba5 0080 0204 0002 	        DECLE   $080, $204, $002, $2B8, $03F, $268, $268, $268    ; $1BA5
1ba8 02b8 003f 0268 0268 0268 
1bad 02b7 0275 0270 	        DECLE   $2B7, $275, $270, $285, $147, $1C0, $0C8, $015    ; $1BAD
1bb0 0285 0147 01c0 00c8 0015 
1bb5 022c 0003 0240 	        DECLE   $22C, $003, $240, $148, $2B0, $2B7, $2BB, $080    ; $1BB5
1bb8 0148 02b0 02b7 02bb 0080 
1bbd 000f 		        DECLE   $00F    ; $1BBD
			; EXEC_NOISE_ENVELOPE ($1BBE)
 0x1bbe                 EXEC_NOISE_ENVELOPE:
1bbe 02ab 0004 0018 	        DECLE   $2AB, $004, $018, $276, $2BC, $002, $244, $148    ; $1BBE
1bc1 0276 02bc 0002 0244 0148 
1bc6 0245 035f 0014 	        DECLE   $245, $35F, $014, $240, $159, $244, $14A, $2B8    ; $1BC6
1bc9 0240 0159 0244 014a 02b8 
1bce 000a 02bc 014b 	        DECLE   $00A, $2BC, $14B, $004, $114, $338, $2B8, $00C    ; $1BCE
1bd1 0004 0114 0338 02b8 000c 
1bd6 0220 013a 0000 	        DECLE   $220, $13A, $000, $002, $004, $00B, $01A, $03B    ; $1BD6
1bd9 0002 0004 000b 001a 003b 
1bde 0078 00f5 0007 	        DECLE   $078, $0F5, $007, $000, $007, $009, $00C, $012    ; $1BDE
1be1 0000 0007 0009 000c 0012 
1be6 0013 0000 0110 	        DECLE   $013, $000, $110, $02F, $0A4, $0E8, $0C4, $137    ; $1BE6
1be9 002f 00a4 00e8 00c4 0137 
1bee 014d 016e 00c1 	        DECLE   $14D, $16E, $0C1, $143, $043, $076, $0CF, $0DD    ; $1BEE
1bf1 0143 0043 0076 00cf 00dd 
1bf6 0162 00b0 0127 	        DECLE   $162, $0B0, $127, $0CB, $142, $13C, $129, $123    ; $1BF6
1bf9 00cb 0142 013c 0129 0123 
1bfe 02bb 01f0 02bc 	        DECLE   $2BB, $1F0, $2BC, $14B, $2A0, $2A1, $0C8, $021    ; $1BFE
1c01 014b 02a0 02a1 00c8 0021 
1c06 0014 0261 0004 	        DECLE   $014, $261, $004, $114, $268, $204, $008, $2D8    ; $1C06
1c09 0114 0268 0204 0008 02d8 
1c0e 0258 009a 02fa 	        DECLE   $258, $09A, $2FA, $004, $040, $2D0, $250, $00B    ; $1C0E
1c11 0004 0040 02d0 0250 000b 
1c16 037c 0151 022c 	        DECLE   $37C, $151, $22C, $017, $2BA, $155, $2A0, $004    ; $1C16
1c19 0017 02ba 0155 02a0 0004 
1c1e 0114 0268 02d0 	        DECLE   $114, $268, $2D0, $004, $114, $270, $004, $07F    ; $1C1E
1c21 0004 0114 0270 0004 007f 
1c26 0250 0064 02fb 	        DECLE   $250, $064, $2FB, $006, $258, $00B, $00A, $00B    ; $1C26
1c29 0006 0258 000b 000a 000b 
1c2e 02a0 0080 0204 	        DECLE   $2A0, $080, $204, $007, $2D0, $250, $064, $060    ; $1C2E
1c31 0007 02d0 0250 0064 0060 
1c36 03b8 000f 0258 	        DECLE   $3B8, $00F, $258, $37C, $155, $22C, $010, $280    ; $1C36
1c39 037c 0155 022c 0010 0280 
1c3e 014a 0010 0240 	        DECLE   $14A, $010, $240, $14A, $22C, $1B0, $284, $35F    ; $1C3E
1c41 014a 022c 01b0 0284 035f 
1c46 00bd 0015 0275 	        DECLE   $0BD, $015, $275, $2A0, $1C9, $33D, $06E, $0AA    ; $1C46
1c49 02a0 01c9 033d 006e 00aa 
1c4e 02fa 0006 000a 	        DECLE   $2FA, $006, $00A, $078, $051, $369, $22D, $005    ; $1C4E
1c51 0078 0051 0369 022d 0005 
1c56 033d 0002 0329 	        DECLE   $33D, $002, $329, $015, $329, $2D2, $0CA, $2BB    ; $1C56
1c59 0015 0329 02d2 00ca 02bb 
1c5e 01f0 02d7 01d2 	        DECLE   $1F0, $2D7, $1D2, $07C, $056, $2A1, $0D3, $259    ; $1C5E
1c61 007c 0056 02a1 00d3 0259 
1c66 02fb 0004 004d 	        DECLE   $2FB, $004, $04D, $04D, $04D, $05D, $054, $081    ; $1C66
1c69 004d 004d 005d 0054 0081 
1c6e 0065 0065 0258 	        DECLE   $065, $065, $258, $37A, $003, $204, $014, $1C0    ; $1C6E
1c71 037a 0003 0204 0014 01c0 
1c76 0095 00ed 02fd 	        DECLE   $095, $0ED, $2FD, $14B, $268, $268, $088, $224    ; $1C76
1c79 014b 0268 0268 0088 0224 
1c7e 01eb 0113 02fb 	        DECLE   $1EB, $113, $2FB, $007, $011, $20C, $0C8, $2B8    ; $1C7E
1c81 0007 0011 020c 00c8 02b8 
1c86 0030 0200 00c4 	        DECLE   $030, $200, $0C4, $2FB, $003, $298, $258, $258    ; $1C86
1c89 02fb 0003 0298 0258 0258 
1c8e 02b7 02a1 01d2 	        DECLE   $2B7, $2A1, $1D2, $07D, $056, $2BD, $14B, $37A    ; $1C8E
1c91 007d 0056 02bd 014b 037a 
1c96 0003 020c 0005 	        DECLE   $003, $20C, $005, $269, $268, $269, $268, $1D2    ; $1C96
1c99 0269 0268 0269 0268 01d2 
1c9e 00d5 00d5 0269 	        DECLE   $0D5, $0D5, $269, $268, $2B7, $004, $11C, $0C2    ; $1C9E
1ca1 0268 02b7 0004 011c 00c2 
1ca6 029d 02fb 0004 	        DECLE   $29D, $2FB, $004, $299, $3B9, $00F, $041, $1E9    ; $1CA6
1ca9 0299 03b9 000f 0041 01e9 
1cae 0004 011c 00ec 	        DECLE   $004, $11C, $0EC, $041, $259, $33B, $004, $041    ; $1CAE
1cb1 0041 0259 033b 0004 0041 
1cb6 0259 000b 037b 	        DECLE   $259, $00B, $37B, $1F3, $22C, $015, $2B7, $041    ; $1CB6
1cb9 01f3 022c 0015 02b7 0041 
1cbe 006d 006d 006d 	        DECLE   $06D, $06D, $06D, $06D, $008, $0C0, $245, $35F    ; $1CBE
1cc1 006d 0008 00c0 0245 035f 
1cc6 0082 0090 01ed 	        DECLE   $082, $090, $1ED, $00D, $060, $22C, $003, $0A8    ; $1CC6
1cc9 000d 0060 022c 0003 00a8 
1cce 0004 0114 027d 	        DECLE   $004, $114, $27D, $150, $22D, $00C, $287, $35F    ; $1CCE
1cd1 0150 022d 000c 0287 035f 
1cd6 0004 011c 00c2 	        DECLE   $004, $11C, $0C2, $2BB, $14B, $299, $041, $06D    ; $1CD6
1cd9 02bb 014b 0299 0041 006d 
1cde 006d 006d 006d 	        DECLE   $06D, $06D, $06D, $004, $11C, $0EC, $259, $2FB    ; $1CDE
1ce1 0004 011c 00ec 0259 02fb 
1ce6 0002 037b 0151 	        DECLE   $002, $37B, $151, $22C, $00F, $2B7, $275, $082    ; $1CE6
1ce9 022c 000f 02b7 0275 0082 
1cee 008d 01c9 007a 	        DECLE   $08D, $1C9, $07A, $209, $003, $025, $00F, $0E9    ; $1CEE
1cf1 0209 0003 0025 000f 00e9 
1cf6 0012 0223 0003 	        DECLE   $012, $223, $003, $082, $07A, $209, $001, $025    ; $1CF6
1cf9 0082 007a 0209 0001 0025 
1cfe 006d 006d 0009 	        DECLE   $06D, $06D, $009, $069, $0E9, $2B7, $2FB, $008    ; $1CFE
1d01 0069 00e9 02b7 02fb 0008 
1d06 0258 0081 0065 	        DECLE   $258, $081, $065, $061, $188, $1C9, $2FB, $002    ; $1D06
1d09 0061 0188 01c9 02fb 0002 
1d0e 0200 0004 02fb 	        DECLE   $200, $004, $2FB, $00A, $2B9, $030, $2BA, $151    ; $1D0E
1d11 000a 02b9 0030 02ba 0151 
1d16 01ed 000a 000b 	        DECLE   $1ED, $00A, $00B, $078, $209, $002, $259, $255    ; $1D16
1d19 0078 0209 0002 0259 0255 
1d1e 022c 0008 02b7 	        DECLE   $22C, $008, $2B7, $240, $1FA, $2B7, $240, $1F9    ; $1D1E
1d21 0240 01fa 02b7 0240 01f9 
1d26 004c 0240 0155 	        DECLE   $04C, $240, $155, $1C0, $00F, $2A0, $240, $151    ; $1D26
1d29 01c0 000f 02a0 0240 0151 
1d2e 02b7 0281 0155 	        DECLE   $2B7, $281, $155, $004, $11C, $0C2, $004, $11C    ; $1D2E
1d31 0004 011c 00c2 0004 011c 
1d36 00ec 0241 0155 	        DECLE   $0EC, $241, $155, $065, $241, $1F9, $2B7, $281    ; $1D36
1d39 0065 0241 01f9 02b7 0281 
1d3e 0151 0004 011c 	        DECLE   $151, $004, $11C, $0BD, $004, $11C, $0EC, $241    ; $1D3E
1d41 00bd 0004 011c 00ec 0241 
1d46 0151 02b7 02fb 	        DECLE   $151, $2B7, $2FB, $00B, $1D2, $07C, $056, $1C9    ; $1D46
1d49 000b 01d2 007c 0056 01c9 
1d4e 037a 0003 020c 	        DECLE   $37A, $003, $20C, $002, $009, $1D2, $0D3, $09D    ; $1D4E
1d51 0002 0009 01d2 00d3 009d 
1d56 0268 0089 0204 	        DECLE   $268, $089, $204, $002, $268, $268, $2BD, $156    ; $1D56
1d59 0002 0268 0268 02bd 0156 
1d5e 00d5 004c 0048 	        DECLE   $0D5, $04C, $048, $2FA, $152, $1DB, $268, $253    ; $1D5E
1d61 02fa 0152 01db 0268 0253 
1d66 0089 0224 02d5 	        DECLE   $089, $224, $2D5, $268, $268, $00A, $253, $00A    ; $1D66
1d69 0268 0268 000a 0253 000a 
1d6e 0253 02b7 01d2 	        DECLE   $253, $2B7, $1D2, $07C, $056, $040, $2BD, $152    ; $1D6E
1d71 007c 0056 0040 02bd 0152 
1d76 004c 006c 0040 	        DECLE   $04C, $06C, $040, $37A, $003, $20C, $003, $268    ; $1D76
1d79 037a 0003 020c 0003 0268 
1d7e 0268 000f 00d5 	        DECLE   $268, $00F, $0D5, $268, $2B7, $008, $240, $147    ; $1D7E
1d81 0268 02b7 0008 0240 0147 
1d86 02b7 0001 02a7 	        DECLE   $2B7, $001, $2A7, $2B5, $074, $20A, $004, $001    ; $1D86
1d89 02b5 0074 020a 0004 0001 
1d8e 02bc 0093 001a 	        DECLE   $2BC, $093, $01A, $244, $35F, $229, $2EF, $220    ; $1D8E
1d91 0244 035f 0229 02ef 0220 
1d96 02ee 01db 007c 	        DECLE   $2EE, $1DB, $07C, $057, $200, $002, $083, $2A0    ; $1D96
1d99 0057 0200 0002 0083 02a0 
1d9e 02fb 0159 0258 	        DECLE   $2FB, $159, $258, $2B7, $2A0, $008, $080, $224    ; $1D9E
1da1 02b7 02a0 0008 0080 0224 
1da6 0313 0240 014a 	        DECLE   $313, $240, $14A, $244, $35F, $2B5, $2B7, $2A1    ; $1DA6
1da9 0244 035f 02b5 02b7 02a1 
1dae 01d2 007d 0056 	        DECLE   $1D2, $07D, $056, $2FA, $159, $295, $015, $20B    ; $1DAE
1db1 02fa 0159 0295 0015 020b 
1db6 0003 0255 0224 	        DECLE   $003, $255, $224, $015, $041, $06D, $06D, $06D    ; $1DB6
1db9 0015 0041 006d 006d 006d 
1dbe 006d 00cc 0220 	        DECLE   $06D, $0CC, $220, $01D, $2A1, $07D, $054, $079    ; $1DBE
1dc1 001d 02a1 007d 0054 0079 
1dc6 0050 0008 0004 	        DECLE   $050, $008, $004, $11C, $0C4, $0C8, $220, $029    ; $1DC6
1dc9 011c 00c4 00c8 0220 0029 
1dce 02a1 01db 007d 	        DECLE   $2A1, $1DB, $07D, $057, $07D, $054, $008, $004    ; $1DCE
1dd1 0057 007d 0054 0008 0004 
1dd6 011c 00c4 		        DECLE   $11C, $0C4    ; $1DD6
			; EXEC_SQUARE ($1DD8)
 0x1dd8                 EXEC_SQUARE:
1dd8 00c8 0220 003c 	        DECLE   $0C8, $220, $03C, $081    ; $1DD8
1ddb 0081 
			; EXEC_MULTIPLY ($1DDC)
 0x1ddc                 EXEC_MULTIPLY:
1ddc 0273 01db 01d2 	        DECLE   $273, $1DB, $1D2, $080, $203, $002, $020, $00B    ; $1DDC
1ddf 0080 0203 0002 0020 000b 
1de4 0089 0203 0002 	        DECLE   $089, $203, $002, $021, $00B, $200, $002, $0C2    ; $1DE4
1de7 0021 000b 0200 0002 00c2 
1dec 0048 0079 0221 	        DECLE   $048, $079, $221, $004, $22C, $005, $07B, $209    ; $1DEC
1def 0004 022c 0005 007b 0209 
1df4 0001 0022 02b3 	        DECLE   $001, $022, $2B3, $0AF    ; $1DF4
1df7 00af 
			; EXEC_DIVIDE ($1DF8)
 0x1df8                 EXEC_DIVIDE:
1df8 0090 0078 00c1 	        DECLE   $090, $078, $0C1, $273, $1C0, $2BB, $001, $092    ; $1DF8
1dfb 0273 01c0 02bb 0001 0092 
1e00 0204 001f 0203 	        DECLE   $204, $01F, $203, $002, $022, $008, $00F, $04B    ; $1E00
1e03 0002 0022 0008 000f 004b 
1e08 005a 0229 0003 	        DECLE   $05A, $229, $003, $072, $089, $203, $002, $021    ; $1E08
1e0b 0072 0089 0203 0002 0021 
1e10 0008 0078 0073 	        DECLE   $008, $078, $073, $1C0, $062, $151, $205, $002    ; $1E10
1e13 01c0 0062 0151 0205 0002 
1e18 0111 0007 0050 	        DECLE   $111, $007, $050, $07B, $229, $009, $204, $001    ; $1E18
1e1b 007b 0229 0009 0204 0001 
1e20 0020 02b3 00af 	        DECLE   $020, $2B3, $0AF, $275, $08A, $062, $272, $271    ; $1E20
1e23 0275 008a 0062 0272 0271 
1e28 0004 011c 01f8 	        DECLE   $004, $11C, $1F8, $2B1, $2B2, $0C2, $062, $110    ; $1E28
1e2b 02b1 02b2 00c2 0062 0110 
1e30 0203 0001 0020 	        DECLE   $203, $001, $020, $378, $002, $223, $010, $2B7    ; $1E30
1e33 0378 0002 0223 0010 02b7 
1e38 0275 02b8 00f0 	        DECLE   $275, $2B8, $0F0, $2BC, $200, $004, $114, $338    ; $1E38
1e3b 02bc 0200 0004 0114 0338 
1e40 02bc 0216 0001 	        DECLE   $2BC, $216, $001, $2B8, $02F, $005, $260, $00C    ; $1E40
1e43 02b8 002f 0005 0260 000c 
1e48 037c 021e 020c 	        DECLE   $37C, $21E, $20C, $003, $00C, $338, $008, $010    ; $1E48
1e4b 0003 000c 0338 0008 0010 
1e50 037c 0227 022c 	        DECLE   $37C, $227, $22C, $00D, $2B8, $082, $240, $102    ; $1E50
1e53 000d 02b8 0082 0240 0102 
1e58 0002 0340 0102 	        DECLE   $002, $340, $102, $224, $003, $2BB, $007, $004    ; $1E58
1e5b 0224 0003 02bb 0007 0004 
1e60 0110 00ab 000a 	        DECLE   $110, $0AB, $00A, $274, $2A8, $275, $2B9, $002    ; $1E60
1e63 0274 02a8 0275 02b9 0002 
1e68 02bc 02d2 0004 	        DECLE   $2BC, $2D2, $004, $118, $0C5, $2B4, $0A1, $001    ; $1E68
1e6b 0118 00c5 02b4 00a1 0001 
1e70 02ba 002d 0005 	        DECLE   $2BA, $02D, $005, $012, $2A0, $080, $22C, $004    ; $1E70
1e73 0012 02a0 0080 022c 0004 
1e78 0062 0094 0004 	        DECLE   $062, $094, $004, $118, $067, $2B1, $289, $045    ; $1E78
1e7b 0118 0067 02b1 0289 0045 
1e80 0203 0005 00ac 	        DECLE   $203, $005, $0AC, $0BD, $2FD, $003, $0A7, $004    ; $1E80
1e83 00bd 02fd 0003 00a7 0004 
1e88 0115 00c3 0003 	        DECLE   $115, $0C3, $003, $0A9, $3B9, $0FF, $20C, $002    ; $1E88
1e8b 00a9 03b9 00ff 020c 0002 
1e90 01e9 0041 008a 	        DECLE   $1E9, $041, $08A, $3B9, $01F, $011, $2B8, $003    ; $1E90
1e93 03b9 001f 0011 02b8 0003 
1e98 020c 0010 0048 	        DECLE   $20C, $010, $048, $066, $066, $07E, $202, $008    ; $1E98
1e9b 0066 0066 007e 0202 0008 
1ea0 0010 007a 0201 	        DECLE   $010, $07A, $201, $004, $010, $07A, $229, $012    ; $1EA0
1ea3 0004 0010 007a 0229 0012 
1ea8 022c 0014 0240 	        DECLE   $22C, $014, $240, $103, $2B7, $281, $149, $089    ; $1EA8
1eab 0103 02b7 0281 0149 0089 
1eb0 020c 0001 00a7 	        DECLE   $20C, $001, $0A7, $0AF, $275, $004, $118, $3BE    ; $1EB0
1eb3 00af 0275 0004 0118 03be 
1eb8 00ff 02cf 0004 	        DECLE   $0FF, $2CF, $004, $01C, $2AD, $2B8, $005, $200    ; $1EB8
1ebb 001c 02ad 02b8 0005 0200 
1ec0 0003 0004 001c 	        DECLE   $003, $004, $01C, $2AD    ; $1EC0
1ec3 02ad 
			; EXEC_RAZZ ($1EC4)
 0x1ec4                 EXEC_RAZZ:
1ec4 0275 0004 0118 	        DECLE   $275, $004, $118, $3BB, $040, $018, $048, $030    ; $1EC4
1ec7 03bb 0040 0018 0048 0030 
1ecc 0044 0060 000c 	        DECLE   $044, $060, $00C, $033, $389, $20B, $0C3, $3F8    ; $1ECC
1ecf 0033 0389 020b 00c3 03f8 
1ed4 02cf 		        DECLE   $2CF    ; $1ED4
			; EXEC_CHEER ($1ED5)
 0x1ed5                 EXEC_CHEER:
1ed5 0275 0004 0118 	        DECLE   $275, $004, $118, $3BB, $279, $3ED, $105, $1A5    ; $1ED5
1ed8 03bb 0279 03ed 0105 01a5 
1edd 0062 006a 01eb 	        DECLE   $062, $06A, $1EB, $002, $00A, $00F, $3FF, $08F    ; $1EDD
1ee0 0002 000a 000f 03ff 008f 
1ee5 0013 000f 0000 	        DECLE   $013, $00F, $000, $013, $019, $003, $061, $2E9    ; $1EE5
1ee8 0013 0019 0003 0061 02e9 
1eed 0280 0050 015b 	        DECLE   $280, $050, $15B, $001, $3F8, $3EB, $013, $02E    ; $1EED
1ef0 0001 03f8 03eb 0013 002e 
1ef5 0023 0016 0001 	        DECLE   $023, $016, $001, $00C, $16B, $001, $3F4, $0C3    ; $1EF5
1ef8 000c 016b 0001 03f4 00c3 
1efd 03e6 0001 0008 	        DECLE   $3E6, $001, $008, $3EB, $2F9, $157, $02E, $013    ; $1EFD
1f00 03eb 02f9 0157 002e 0013 
1f05 0019 0003 0025 	        DECLE   $019, $003, $025, $2C9, $280, $200, $308, $240    ; $1F05
1f08 02c9 0280 0200 0308 0240 
1f0d 03eb 02f9 0097 	        DECLE   $3EB, $2F9, $097, $040, $003, $354, $3F2, $3FA    ; $1F0D
1f10 0040 0003 0354 03f2 03fa 
1f15 000f 0002 008f 	        DECLE   $00F, $002, $08F, $027, $3F9, $3CF, $2B8, $00E    ; $1F15
1f18 0027 03f9 03cf 02b8 000e 
			; EXEC_WHISTLE ($1F1D)
 0x1f1d                 EXEC_WHISTLE:
1f1d 0275 0004 0118 	        DECLE   $275, $004, $118, $3BB, $389, $340, $028, $348    ; $1F1D
1f20 03bb 0389 0340 0028 0348 
1f25 0029 0344 002a 	        DECLE   $029, $344, $02A, $06B, $2C0, $030, $2F5, $023    ; $1F25
1f28 006b 02c0 0030 02f5 0023 
1f2d 03d0 02cf 0275 	        DECLE   $3D0, $2CF, $275, $004, $110, $0AB, $008, $00F    ; $1F2D
1f30 0004 0110 00ab 0008 000f 
1f35 0274 0275 0001 	        DECLE   $274, $275, $001, $2BB, $0DF, $036, $09C, $2FC    ; $1F35
1f38 02bb 00df 0036 009c 02fc 
1f3d 003a 02bd 0200 	        DECLE   $03A, $2BD, $200, $298, $00B, $2BA, $004, $2A1    ; $1F3D
1f40 0298 000b 02ba 0004 02a1 
1f45 0041 007c 0075 	        DECLE   $041, $07C, $075, $065, $065, $065, $269, $012    ; $1F45
1f48 0065 0065 0065 0269 0012 
1f4d 022c 000a 037d 	        DECLE   $22C, $00A, $37D, $2E7, $225, $012, $2B5, $2A8    ; $1F4D
1f50 02e7 0225 0012 02b5 02a8 
1f55 00ab 0001 02bd 	        DECLE   $0AB, $001, $2BD, $000, $038, $0B9, $011, $271    ; $1F55
1f58 0000 0038 00b9 0011 0271 
1f5d 0299 000b 0079 	        DECLE   $299, $00B, $079, $1D2, $209, $002, $29A, $00B    ; $1F5D
1f60 01d2 0209 0002 029a 000b 
1f65 0270 0275 0273 	        DECLE   $270, $275, $273, $2BC, $2E8, $07A, $209, $002    ; $1F65
1f68 02bc 02e8 007a 0209 0002 
1f6d 02bf 0213 007a 	        DECLE   $2BF, $213, $07A, $201, $03F, $07A, $209, $004    ; $1F6D
1f70 0201 003f 007a 0209 0004 
1f75 01db 0042 02bf 	        DECLE   $1DB, $042, $2BF, $200, $004, $100, $2D3, $001    ; $1F75
1f78 0200 0004 0100 02d3 0001 
1f7d 02bc 0000 0030 	        DECLE   $2BC, $000, $030, $07A, $201, $00F, $004, $110    ; $1F7D
1f80 007a 0201 000f 0004 0110 
1f85 00ab 0006 00ac 	        DECLE   $0AB, $006, $0AC, $090, $3B8, $002, $204, $005    ; $1F85
1f88 0090 03b8 0002 0204 0005 
1f8d 01c2 0001 02bc 	        DECLE   $1C2, $001, $2BC, $000, $038, $041, $04D, $07E    ; $1F8D
1f90 0000 0038 0041 004d 007e 
1f95 0075 0041 0280 	        DECLE   $075, $041, $280, $2E6, $0C1, $102, $204, $006    ; $1F95
1f98 02e6 00c1 0102 0204 0006 
1f9d 02b2 033a 0002 	        DECLE   $2B2, $33A, $002, $272, $082, $00A, $242, $2E6    ; $1F9D
1fa0 0272 0082 000a 0242 02e6 
1fa5 004d 00c9 00cc 	        DECLE   $04D, $0C9, $0CC, $2B9, $2E8, $2B8, $008, $004    ; $1FA5
1fa8 02b9 02e8 02b8 0008 0004 
1fad 0114 0330 02bf 	        DECLE   $114, $330, $2BF, $247, $088, $3B8, $080, $1C1    ; $1FAD
1fb0 0247 0088 03b8 0080 01c1 
1fb5 007a 0050 01db 	        DECLE   $07A, $050, $1DB, $07E, $057, $07A, $053, $078    ; $1FB5
1fb8 007e 0057 007a 0053 0078 
1fbd 0052 004c 0040 	        DECLE   $052, $04C, $040, $09B, $20C, $003, $083, $04F    ; $1FBD
1fc0 009b 020c 0003 0083 004f 
1fc5 01c0 0270 0273 	        DECLE   $1C0, $270, $273, $004, $100, $2C3, $2B5, $2B8    ; $1FC5
1fc8 0004 0100 02c3 02b5 02b8 
1fcd 0200 0060 0015 	        DECLE   $200, $060, $015, $223, $003, $042, $04D, $1D1    ; $1FCD
1fd0 0223 0003 0042 004d 01d1 
1fd5 03f1 004d 004d 	        DECLE   $3F1, $04D, $04D, $004, $100, $2DC, $059, $229    ; $1FD5
1fd8 0004 0100 02dc 0059 0229 
1fdd 0005 0059 0209 	        DECLE   $005, $059, $209, $00D, $060, $20C, $002, $2B8    ; $1FDD
1fe0 000d 0060 020c 0002 02b8 
1fe5 0100 0004 0100 	        DECLE   $100, $004, $100, $2DC, $059, $229, $00A, $220    ; $1FE5
1fe8 02dc 0059 0229 000a 0220 
1fed 0015 0048 03b8 	        DECLE   $015, $048, $3B8, $1FF, $20C, $001, $008, $004    ; $1FED
1ff0 01ff 020c 0001 0008 0004 
1ff5 0100 02dc 0059 	        DECLE   $100, $2DC, $059, $229, $00B, $220, $023, $000    ; $1FF5
1ff8 0229 000b 0220 0023 0000 
1ffd 0000 0000 0000 	        DECLE   $000, $000, $000    ; $1FFD

			        END
 ERROR SUMMARY - ERRORS DETECTED 0
               -  WARNINGS       0
