00000000 SP0256_012_ROM   
			; Intellivoice SP0256-012 ROM -- byte-exact reconstruction.
			; Generated by intellivoice/reconstruct.py; do not hand-edit this file.
			; Source: roms/IntelliVoice BIOS (1981) (Mattel).int (SHA-256 dabade432af1523f43029057071ca8c1ed3604498c784603e8733023382ad7a5)
			; 2048 x 8-bit speech-chip mask ROM; offsets are local to the SP0256.

			        ROMW    8
 0x0                            ORG     $0000

 0x0                    SP0256_012_ROM:
0000 00e8 00bb 00e8 	        DECLE   $E8, $BB, $E8, $87, $E8, $17, $E8, $37, $E8, $F7, $E8, $8F, $E8, $CF, $E2, $D8    ; $0000
0003 0087 00e8 0017 00e8 0037 00e8 00f7 00e8 
000b 008f 00e8 00cf 00e2 00d8 
0010 00e2 009a 00e2 	        DECLE   $E2, $9A, $E2, $89, $E2, $DD, $E2, $37, $E2, $2F, $EA, $04, $EA, $54, $EA, $4C    ; $0010
0013 0089 00e2 00dd 00e2 0037 00e2 002f 00ea 
001b 0004 00ea 0054 00ea 004c 
0020 00ea 00d2 00ea 	        DECLE   $EA, $D2, $EA, $8A, $EA, $8E, $EA, $B1, $EA, $FD, $EA, $53, $EA, $AB, $EA, $47    ; $0020
0023 008a 00ea 008e 00ea 00b1 00ea 00fd 00ea 
002b 0053 00ea 00ab 00ea 0047 
0030 00ea 00cf 00ea 	        DECLE   $EA, $CF, $EA, $FF, $E6, $10, $E6, $48, $E6, $3C, $E6, $62, $E6, $8A, $E6, $BA    ; $0030
0033 00ff 00e6 0010 00e6 0048 00e6 003c 00e6 
003b 0062 00e6 008a 00e6 00ba 
0040 00e6 0076 00e6 	        DECLE   $E6, $76, $E6, $5E, $E6, $C1, $E6, $B1, $E6, $CB, $EE, $C8, $EE, $98, $EE, $F8    ; $0040
0043 005e 00e6 00c1 00e6 00b1 00e6 00cb 00ee 
004b 00c8 00ee 0098 00ee 00f8 
0050 00ee 00c2 00ee 	        DECLE   $EE, $C2, $EE, $1E, $EE, $7E, $EE, $2D, $EE, $6D, $EE, $1D, $EE, $5D, $EE, $3D    ; $0050
0053 001e 00ee 007e 00ee 002d 00ee 006d 00ee 
005b 001d 00ee 005d 00ee 003d 
0060 0018 002b 0015 	        DECLE   $18, $2B, $15, $C0, $39, $24, $43, $E2, $1F, $00, $18, $23, $24, $C0, $28, $23    ; $0060
0063 00c0 0039 0024 0043 00e2 001f 0000 0018 
006b 0023 0024 00c0 0028 0023 
0070 0062 00c6 001d 	        DECLE   $62, $C6, $1D, $A5, $03, $20, $66, $52, $0C, $95, $03, $00, $19, $2C, $0C, $80    ; $0070
0073 00a5 0003 0020 0066 0052 000c 0095 0003 
007b 0000 0019 002c 000c 0080 
0080 0031 0012 0062 	        DECLE   $31, $12, $62, $A7, $1C, $00, $18, $2C, $0C, $C0, $29, $94, $E0, $64, $9C, $85    ; $0080
0083 00a7 001c 0000 0018 002c 000c 00c0 0029 
008b 0094 00e0 0064 009c 0085 
0090 0002 0038 0085 	        DECLE   $02, $38, $85, $12, $9C, $8C, $03, $00, $10, $35, $E7, $55, $AD, $6D, $7F, $26    ; $0090
0093 0012 009c 008c 0003 0000 0010 0035 00e7 
009b 0055 00ad 006d 007f 0026 
00a0 0091 0085 00d4 	        DECLE   $91, $85, $D4, $3C, $AB, $D6, $CF, $99, $7A, $00, $10, $34, $6F, $A1, $86, $CF    ; $00A0
00a3 003c 00ab 00d6 00cf 0099 007a 0000 0010 
00ab 0034 006f 00a1 0086 00cf 
00b0 003e 00ab 000d 	        DECLE   $3E, $AB, $0D, $BB, $86, $7C, $6C, $B5, $6D, $CF, $24, $B2, $88, $9E, $A7, $16    ; $00B0
00b3 00bb 0086 007c 006c 00b5 006d 00cf 0024 
00bb 00b2 0088 009e 00a7 0016 
00c0 00f3 00a9 00d2 	        DECLE   $F3, $A9, $D2, $E6, $3D, $D5, $55, $FD, $01, $00, $10, $32, $74, $98, $A9, $B7    ; $00C0
00c3 00e6 003d 00d5 0055 00fd 0001 0000 0010 
00cb 0032 0074 0098 00a9 00b7 
00d0 0081 001e 00a9 	        DECLE   $81, $1E, $A9, $87, $F4, $66, $A3, $FC, $8B, $D2, $96, $94, $FB, $FF, $10, $03    ; $00D0
00d3 0087 00f4 0066 00a3 00fc 008b 00d2 0096 
00db 0094 00fb 00ff 0010 0003 
00e0 0080 008e 0016 	        DECLE   $80, $8E, $16, $0D, $00, $10, $32, $7C, $90, $AB, $B7, $81, $1E, $A9, $A7, $6E    ; $00E0
00e3 000d 0000 0010 0032 007c 0090 00ab 00b7 
00eb 0081 001e 00a9 00a7 006e 
00f0 00f7 0022 00dd 	        DECLE   $F7, $22, $DD, $C7, $AA, $FE, $A5, $9C, $DE, $CC, $7E, $F4, $2E, $AC, $FA, $C7    ; $00F0
00f3 00c7 00aa 00fe 00a5 009c 00de 00cc 007e 
00fb 00f4 002e 00ac 00fa 00c7 
0100 00d9 0091 00a5 	        DECLE   $D9, $91, $A5, $A5, $E4, $DC, $5F, $F4, $2B, $9D, $FC, $03, $00, $10, $31, $8F    ; $0100
0103 00a5 00e4 00dc 005f 00f4 002b 009d 00fc 
010b 0003 0000 0010 0031 008f 
0110 00dc 00ff 008c 	        DECLE   $DC, $FF, $8C, $7C, $97, $F6, $41, $E6, $E3, $F4, $F4, $F6, $47, $23, $C2, $84    ; $0110
0113 007c 0097 00f6 0041 00e6 00e3 00f4 00f4 
011b 00f6 0047 0023 00c2 0084 
0120 00b6 0085 0074 	        DECLE   $B6, $85, $74, $FF, $D0, $DD, $CF, $EE, $3F, $B7, $EB, $01, $00, $74, $7B, $A3    ; $0120
0123 00ff 00d0 00dd 00cf 00ee 003f 00b7 00eb 
012b 0001 0000 0074 007b 00a3 
0130 00dc 002d 003a 	        DECLE   $DC, $2D, $3A, $5A, $B7, $56, $EE, $45, $DF, $5B, $DA, $BF, $68, $E9, $3B, $FD    ; $0130
0133 005a 00b7 0056 00ee 0045 00df 005b 00da 
013b 00bf 0068 00e9 003b 00fd 
0140 001f 00f5 0078 	        DECLE   $1F, $F5, $78, $27, $FF, $A2, $4E, $F2, $DC, $1F, $00, $10, $36, $76, $9B, $A9    ; $0140
0143 0027 00ff 00a2 004e 00f2 00dc 001f 0000 
014b 0010 0036 0076 009b 00a9 
0150 00b7 00bd 001a 	        DECLE   $B7, $BD, $1A, $1F, $66, $D4, $85, $A3, $BB, $CB, $95, $83, $00, $10, $32, $6E    ; $0150
0153 001f 0066 00d4 0085 00a3 00bb 00cb 0095 
015b 0083 0000 0010 0032 006e 
0160 00da 0027 00bb 	        DECLE   $DA, $27, $BB, $7D, $22, $1F, $C6, $94, $16, $9C, $DE, $97, $D6, $A5, $D3, $7F    ; $0160
0163 007d 0022 001f 00c6 0094 0016 009c 00de 
016b 0097 00d6 00a5 00d3 007f 
0170 0052 0072 0058 	        DECLE   $52, $72, $58, $F2, $4F, $D7, $85, $03, $00, $10, $32, $35, $96, $A9, $B9, $BD    ; $0170
0173 00f2 004f 00d7 0085 0003 0000 0010 0032 
017b 0035 0096 00a9 00b9 00bd 
0180 001a 001f 0086 	        DECLE   $1A, $1F, $86, $CE, $6E, $13, $3D, $09, $E9, $F6, $00, $10, $32, $7B, $94, $AB    ; $0180
0183 00ce 006e 0013 003d 0009 00e9 00f6 0000 
018b 0010 0032 007b 0094 00ab 
0190 00b7 0081 001e 	        DECLE   $B7, $81, $1E, $A9, $87, $6E, $AF, $1B, $DD, $F9, $AA, $FE, $A4, $57, $E6, $CC    ; $0190
0193 00a9 0087 006e 00af 001b 00dd 00f9 00aa 
019b 00fe 00a4 0057 00e6 00cc 
01a0 005e 00f4 0036 	        DECLE   $5E, $F4, $36, $AD, $FA, $C7, $D5, $B5, $A4, $A5, $ED, $DC, $5F, $F4, $73, $9E    ; $01A0
01a3 00ad 00fa 00c7 00d5 00b5 00a4 00a5 00ed 
01ab 00dc 005f 00f4 0073 009e 
01b0 00fc 0003 0000 	        DECLE   $FC, $03, $00, $10, $32, $F7, $9F, $A9, $BD, $3F, $22, $11, $86, $6E, $CF, $A3    ; $01B0
01b3 0010 0032 00f7 009f 00a9 00bd 003f 0022 
01bb 0011 0086 006e 00cf 00a3 
01c0 00db 00fb 0046 	        DECLE   $DB, $FB, $46, $EB, $C8, $E9, $3F, $00, $10, $32, $AC, $98, $27, $BD, $81, $22    ; $01C0
01c3 00eb 00c8 00e9 003f 0000 0010 0032 00ac 
01cb 0098 0027 00bd 0081 0022 
01d0 001f 0087 00ae 	        DECLE   $1F, $87, $AE, $7E, $1C, $6D, $81, $E7, $FF, $72, $E4, $20, $00, $F1, $E1, $00    ; $01D0
01d3 007e 001c 006d 0081 00e7 00ff 0072 00e4 
01db 0020 0000 00f1 00e1 0000 
01e0 0000 0011 00fc 	        DECLE   $00, $11, $FC, $13, $FF, $13, $FF, $00, $FE, $13, $FF, $00, $11, $FF, $00, $FF    ; $01E0
01e3 0013 00ff 0013 00ff 0000 00fe 0013 00ff 
01eb 0000 0011 00ff 0000 00ff 
01f0 0000 00f7 0000 	        DECLE   $00, $F7, $00, $18, $32, $DD, $A0, $7D, $81, $0F, $C7, $03, $E3, $EA, $53, $C6    ; $01F0
01f3 0018 0032 00dd 00a0 007d 0081 000f 00c7 
01fb 0003 00e3 00ea 0053 00c6 
0200 0075 00ab 00f0 	        DECLE   $75, $AB, $F0, $41, $E8, $9E, $17, $73, $A1, $D2, $DC, $62, $F6, $14, $34, $4D    ; $0200
0203 0041 00e8 009e 0017 0073 00a1 00d2 00dc 
020b 0062 00f6 0014 0034 004d 
0210 000f 008c 00b7 	        DECLE   $0F, $8C, $B7, $54, $99, $5A, $CB, $5F, $80, $84, $6D, $88, $F3, $65, $2A, $73    ; $0210
0213 0054 0099 005a 00cb 005f 0080 0084 006d 
021b 0088 00f3 0065 002a 0073 
0220 00bd 00f5 0077 	        DECLE   $BD, $F5, $77, $50, $AD, $5D, $EF, $A1, $5A, $F5, $45, $3C, $80, $53, $14, $83    ; $0220
0223 0050 00ad 005d 00ef 00a1 005a 00f5 0045 
022b 003c 0080 0053 0014 0083 
0230 00c8 00bc 00c9 	        DECLE   $C8, $BC, $C9, $05, $60, $09, $03, $68, $B0, $AF, $A9, $81, $00, $38, $78, $D8    ; $0230
0233 0005 0060 0009 0003 0068 00b0 00af 00a9 
023b 0081 0000 0038 0078 00d8 
0240 008f 00d9 0061 	        DECLE   $8F, $D9, $61, $A2, $35, $77, $90, $7F, $07, $D3, $DA, $80, $FF, $EC, $B4, $66    ; $0240
0243 00a2 0035 0077 0090 007f 0007 00d3 00da 
024b 0080 00ff 00ec 00b4 0066 
0250 00df 0031 00d8 	        DECLE   $DF, $31, $D8, $D8, $89, $BF, $65, $9B, $9D, $5E, $82, $3E, $12, $24, $21, $6F    ; $0250
0253 00d8 0089 00bf 0065 009b 009d 005e 0082 
025b 003e 0012 0024 0021 006f 
0260 00fc 0024 0083 	        DECLE   $FC, $24, $83, $03, $00, $F2, $F3, $1F, $5C, $3E, $48, $90, $60, $0D, $EE, $03    ; $0260
0263 0003 0000 00f2 00f3 001f 005c 003e 0048 
026b 0090 0060 000d 00ee 0003 
0270 00a5 008b 0000 	        DECLE   $A5, $8B, $00, $00, $1A, $FD, $38, $50, $A6, $00, $F0, $03, $21, $6E, $C7, $8D    ; $0270
0273 0000 001a 00fd 0038 0050 00a6 0000 00f0 
027b 0003 0021 006e 00c7 008d 
0280 00d9 00f3 00a0 	        DECLE   $D9, $F3, $A0, $30, $D2, $6F, $22, $F1, $1A, $95, $71, $89, $0C, $44, $8A, $C6    ; $0280
0283 0030 00d2 006f 0022 00f1 001a 0095 0071 
028b 0089 000c 0044 008a 00c6 
0290 00a7 00d1 006b 	        DECLE   $A7, $D1, $6B, $A2, $33, $AF, $9A, $41, $D1, $CE, $FC, $2E, $3B, $4D, $74, $C6    ; $0290
0293 00a2 0033 00af 009a 0041 00d1 00ce 00fc 
029b 002e 003b 004d 0074 00c6 
02a0 0024 0013 0018 	        DECLE   $24, $13, $18, $91, $61, $9E, $94, $D7, $75, $CE, $D4, $53, $0A, $24, $2A, $DB    ; $02A0
02a3 0091 0061 009e 0094 00d7 0075 00ce 00d4 
02ab 0053 000a 0024 002a 00db 
02b0 008f 00f2 0034 	        DECLE   $8F, $F2, $34, $D0, $19, $5B, $6A, $80, $64, $47, $79, $D7, $2D, $F7, $39, $53    ; $02B0
02b3 00d0 0019 005b 006a 0080 0064 0047 0079 
02bb 00d7 002d 00f7 0039 0053 
02c0 004b 0009 0090 	        DECLE   $4B, $09, $90, $C8, $68, $1F, $AB, $BD, $46, $69, $DA, $26, $85, $08, $A2, $FE    ; $02C0
02c3 00c8 0068 001f 00ab 00bd 0046 0069 00da 
02cb 0026 0085 0008 00a2 00fe 
02d0 0071 00f1 0055 	        DECLE   $71, $F1, $55, $A9, $A4, $74, $E0, $87, $0F, $1E, $65, $CC, $DC, $48, $06, $2C    ; $02D0
02d3 00a9 00a4 0074 00e0 0087 000f 001e 0065 
02db 00cc 00dc 0048 0006 002c 
02e0 002a 00f3 00db 	        DECLE   $2A, $F3, $DB, $E6, $B8, $52, $9A, $7D, $A8, $A0, $46, $85, $7E, $97, $0D, $47    ; $02E0
02e3 00e6 00b8 0052 009a 007d 00a8 00a0 0046 
02eb 0085 007e 0097 000d 0047 
02f0 003a 0063 00fb 	        DECLE   $3A, $63, $FB, $D4, $2B, $B0, $28, $BE, $50, $C2, $44, $67, $DE, $A1, $88, $16    ; $02F0
02f3 00d4 002b 00b0 0028 00be 0050 00c2 0044 
02fb 0067 00de 00a1 0088 0016 
0300 0019 00e6 0053 	        DECLE   $19, $E6, $53, $39, $96, $28, $3F, $86, $49, $05, $80, $C7, $06, $10, $49, $27    ; $0300
0303 0039 0096 0028 003f 0086 0049 0005 0080 
030b 00c7 0006 0010 0049 0027 
0310 0071 0000 0010 	        DECLE   $71, $00, $10, $C9, $F8, $46, $DB, $33, $5F, $51, $FB, $00, $0B, $CE, $76, $9F    ; $0310
0313 00c9 00f8 0046 00db 0033 005f 0051 00fb 
031b 0000 000b 00ce 0076 009f 
0320 0068 0036 00a6 	        DECLE   $68, $36, $A6, $0D, $B2, $67, $A8, $59, $19, $A6, $0A, $D8, $57, $2A, $30, $84    ; $0320
0323 000d 00b2 0067 00a8 0059 0019 00a6 000a 
032b 00d8 0057 002a 0030 0084 
0330 0024 00e0 0022 	        DECLE   $24, $E0, $22, $32, $8D, $6B, $B4, $CF, $60, $B3, $F4, $DF, $DF, $82, $C5, $A0    ; $0330
0333 0032 008d 006b 00b4 00cf 0060 00b3 00f4 
033b 00df 00df 0082 00c5 00a0 
0340 0069 0091 000c 	        DECLE   $69, $91, $0C, $7A, $76, $AC, $1F, $C9, $42, $AD, $32, $AF, $98, $41, $8B, $8A    ; $0340
0343 007a 0076 00ac 001f 00c9 0042 00ad 0032 
034b 00af 0098 0041 008b 008a 
0350 00f5 0037 0059 	        DECLE   $F5, $37, $59, $8A, $75, $C6, $DE, $63, $C8, $D8, $C9, $1E, $57, $C3, $91, $CE    ; $0350
0353 008a 0075 00c6 00de 0063 00c8 00d8 00c9 
035b 001e 0057 00c3 0091 00ce 
0360 00b8 0088 00ee 	        DECLE   $B8, $88, $EE, $15, $22, $8B, $13, $0E, $B3, $D0, $7D, $68, $03, $F3, $FB, $18    ; $0360
0363 0015 0022 008b 0013 000e 00b3 00d0 007d 
036b 0068 0003 00f3 00fb 0018 
0370 0023 001c 0000 	        DECLE   $23, $1C, $00, $29, $18, $80, $2A, $B9, $A6, $2E, $22, $20, $D9, $C1, $1D, $36    ; $0370
0373 0029 0018 0080 002a 00b9 00a6 002e 0022 
037b 0020 00d9 00c1 001d 0036 
0380 0063 0099 00ce 	        DECLE   $63, $99, $CE, $D4, $46, $04, $22, $33, $BA, $C7, $6A, $B6, $CE, $C9, $EF, $D7    ; $0380
0383 00d4 0046 0004 0022 0033 00ba 00c7 006a 
038b 00b6 00ce 00c9 00ef 00d7 
0390 000b 0024 0058 	        DECLE   $0B, $24, $58, $44, $A7, $A1, $9D, $FA, $4D, $44, $12, $47, $20, $5D, $9C, $32    ; $0390
0393 0044 00a7 00a1 009d 00fa 004d 0044 0012 
039b 0047 0020 005d 009c 0032 
03a0 002f 0054 00c9 	        DECLE   $2F, $54, $C9, $0A, $13, $FA, $27, $3C, $E9, $34, $E4, $02, $B0, $26, $52, $40    ; $03A0
03a3 000a 0013 00fa 0027 003c 00e9 0034 00e4 
03ab 0002 00b0 0026 0052 0040 
03b0 0098 0093 0058 	        DECLE   $98, $93, $58, $00, $C5, $64, $8E, $86, $7B, $91, $07, $00, $93, $38, $D0, $F1    ; $03B0
03b3 0000 00c5 0064 008e 0086 007b 0091 0007 
03bb 0000 0093 0038 00d0 00f1 
03c0 001f 00e2 0001 	        DECLE   $1F, $E2, $01, $58, $F3, $39, $70, $9E, $6B, $EC, $9E, $80, $92, $1D, $FE, $6D    ; $03C0
03c3 0058 00f3 0039 0070 009e 006b 00ec 009e 
03cb 0080 0092 001d 00fe 006d 
03d0 00f5 009c 0067 	        DECLE   $F5, $9C, $67, $65, $09, $E0, $00, $00, $00, $F1, $D0, $DC, $3C, $06, $1C, $4C    ; $03D0
03d3 0065 0009 00e0 0000 0000 0000 00f1 00d0 
03db 00dc 003c 0006 001c 004c 
03e0 006e 0007 00fc 	        DECLE   $6E, $07, $FC, $B1, $54, $9A, $DA, $A7, $60, $41, $A4, $EB, $7D, $A1, $95, $2A    ; $03E0
03e3 00b1 0054 009a 00da 00a7 0060 0041 00a4 
03eb 00eb 007d 00a1 0095 002a 
03f0 00c3 0016 0011 	        DECLE   $C3, $16, $11, $14, $D0, $6C, $0D, $1F, $A6, $50, $6B, $38, $27, $82, $82, $99    ; $03F0
03f3 0014 00d0 006c 000d 001f 00a6 0050 006b 
03fb 0038 0027 0082 0082 0099 
0400 009d 00ff 00c7 	        DECLE   $9D, $FF, $C7, $1C, $A3, $4C, $97, $34, $50, $53, $95, $00, $AA, $E6, $91, $2D    ; $0400
0403 001c 00a3 004c 0097 0034 0050 0053 0095 
040b 0000 00aa 00e6 0091 002d 
0410 0019 0000 0010 	        DECLE   $19, $00, $10, $F2, $04, $2F, $DB, $D0, $06, $F1, $00, $10, $33, $66, $A6, $67    ; $0410
0413 00f2 0004 002f 00db 00d0 0006 00f1 0000 
041b 0010 0033 0066 00a6 0067 
0420 0079 0085 0022 	        DECLE   $79, $85, $22, $A9, $87, $E6, $55, $B5, $6E, $00, $50, $24, $F5, $CC, $BC, $67    ; $0420
0423 00a9 0087 00e6 0055 00b5 006e 0000 0050 
042b 0024 00f5 00cc 00bc 0067 
0430 009e 00ed 000d 	        DECLE   $9E, $ED, $0D, $8A, $A4, $9E, $51, $9B, $6B, $F6, $5F, $BA, $97, $D1, $EE, $45    ; $0430
0433 008a 00a4 009e 0051 009b 006b 00f6 005f 
043b 00ba 0097 00d1 00ee 0045 
0440 00cf 00bf 00b9 	        DECLE   $CF, $BF, $B9, $3B, $04, $8D, $39, $F9, $F9, $7C, $AE, $48, $EA, $11, $7D, $7B    ; $0440
0443 003b 0004 008d 0039 00f9 00f9 007c 00ae 
044b 0048 00ea 0011 007d 007b 
0450 0069 00ee 00a5 	        DECLE   $69, $EE, $A5, $A6, $31, $BD, $3F, $1E, $00, $10, $33, $56, $22, $47, $4D, $81    ; $0450
0453 00a6 0031 00bd 003f 001e 0000 0010 0033 
045b 0056 0022 0047 004d 0081 
0460 00ae 0092 0058 	        DECLE   $AE, $92, $58, $C6, $85, $53, $68, $D1, $6F, $95, $EE, $D7, $D8, $67, $1C, $35    ; $0460
0463 00c6 0085 0053 0068 00d1 006f 0095 00ee 
046b 00d7 00d8 0067 001c 0035 
0470 00f4 00ce 0012 	        DECLE   $F4, $CE, $12, $F2, $9A, $FB, $8D, $D8, $98, $20, $11, $86, $22, $7A, $3F, $5E    ; $0470
0473 00f2 009a 00fb 008d 00d8 0098 0020 0011 
047b 0086 0022 007a 003f 005e 
0480 00fd 0047 005b 	        DECLE   $FD, $47, $5B, $57, $BB, $FF, $28, $4B, $6B, $F9, $1F, $2D, $8F, $ED, $FE, $F1    ; $0480
0483 0057 00bb 00ff 0028 004b 006b 00f9 001f 
048b 002d 008f 00ed 00fe 00f1 
0490 0000 00d0 0056 	        DECLE   $00, $D0, $56, $10, $33, $EE, $D4, $E5, $F9, $BF, $23, $2D, $67, $B4, $D5, $92    ; $0490
0493 0010 0033 00ee 00d4 00e5 00f9 00bf 0023 
049b 002d 0067 00b4 00d5 0092 
04a0 00db 0097 00b6 	        DECLE   $DB, $97, $B6, $68, $52, $FB, $D1, $F2, $4F, $62, $4F, $FA, $71, $CA, $EB, $47    ; $04A0
04a3 0068 0052 00fb 00d1 00f2 004f 0062 004f 
04ab 00fa 0071 00ca 00eb 0047 
04b0 0039 005f 0069 	        DECLE   $39, $5F, $69, $FD, $E8, $83, $2D, $AB, $8F, $07, $00, $D0, $3E, $18, $33, $ED    ; $04B0
04b3 00fd 00e8 0083 002d 00ab 008f 0007 0000 
04bb 00d0 003e 0018 0033 00ed 
04c0 005e 00f9 0082 	        DECLE   $5E, $F9, $82, $8A, $D2, $03, $03, $EB, $14, $C2, $A6, $5D, $33, $B5, $26, $D7    ; $04C0
04c3 008a 00d2 0003 0003 00eb 0014 00c2 00a6 
04cb 005d 0033 00b5 0026 00d7 
04d0 00e2 00c2 0090 	        DECLE   $E2, $C2, $90, $D6, $86, $B4, $FB, $D1, $96, $76, $FA, $4F, $67, $3A, $63, $C8    ; $04D0
04d3 00d6 0086 00b4 00fb 00d1 0096 0076 00fa 
04db 004f 0067 003a 0063 00c8 
04e0 0090 00da 00f6 	        DECLE   $90, $DA, $F6, $1E, $35, $B2, $07, $90, $AF, $CC, $78, $00, $D0, $61, $D0, $19    ; $04E0
04e3 001e 0035 00b2 0007 0090 00af 00cc 0078 
04eb 0000 00d0 0061 00d0 0019 
04f0 00d0 0055 00f1 	        DECLE   $D0, $55, $F1, $00, $D0, $61, $10, $37, $76, $99, $AD, $B3, $7F, $1E, $A2, $A7    ; $04F0
04f3 0000 00d0 0061 0010 0037 0076 0099 00ad 
04fb 00b3 007f 001e 00a2 00a7 
0500 0074 008f 00b3 	        DECLE   $74, $8F, $B3, $1A, $CC, $ED, $8D, $A4, $37, $A8, $DD, $9F, $EE, $9E, $1D, $75    ; $0500
0503 001a 00cc 00ed 008d 00a4 0037 00a8 00dd 
050b 009f 00ee 009e 001d 0075 
0510 0071 0029 00f7 	        DECLE   $71, $29, $F7, $A2, $66, $30, $DD, $7E, $E5, $00, $98, $23, $C2, $C7, $03, $00    ; $0510
0513 00a2 0066 0030 00dd 007e 00e5 0000 0098 
051b 0023 00c2 00c7 0003 0000 
0520 00d0 0006 00d0 	        DECLE   $D0, $06, $D0, $06, $D0, $53, $D0, $06, $F1, $00, $D0, $06, $D0, $06, $D0, $A7    ; $0520
0523 0006 00d0 0053 00d0 0006 00f1 0000 00d0 
052b 0006 00d0 0006 00d0 00a7 
0530 00f1 0000 0010 	        DECLE   $F1, $00, $10, $32, $F6, $9F, $A9, $BD, $3F, $22, $11, $86, $6E, $CF, $A3, $BB    ; $0530
0533 0032 00f6 009f 00a9 00bd 003f 0022 0011 
053b 0086 006e 00cf 00a3 00bb 
0540 00fb 0046 00eb 	        DECLE   $FB, $46, $EB, $C8, $E9, $FF, $3D, $B4, $15, $F1, $00, $D8, $B0, $D8, $B4, $F1    ; $0540
0543 00c8 00e9 00ff 003d 00b4 0015 00f1 0000 
054b 00d8 00b0 00d8 00b4 00f1 
0550 0000 00d0 0056 	        DECLE   $00, $D0, $56, $10, $34, $76, $9B, $AB, $B9, $BD, $15, $1F, $87, $EE, $C6, $1B    ; $0550
0553 0010 0034 0076 009b 00ab 00b9 00bd 0015 
055b 001f 0087 00ee 00c6 001b 
0560 00b5 003b 00eb 	        DECLE   $B5, $3B, $EB, $FE, $A3, $A5, $ED, $DC, $9F, $8E, $BC, $9D, $EB, $96, $E3, $01    ; $0560
0563 00fe 00a3 00a5 00ed 00dc 009f 008e 00bc 
056b 009d 00eb 0096 00e3 0001 
0570 0000 0010 0032 	        DECLE   $00, $10, $32, $6D, $A0, $A7, $BF, $81, $15, $1F, $CA, $B4, $B6, $9B, $1E, $88    ; $0570
0573 006d 00a0 00a7 00bf 0081 0015 001f 00ca 
057b 00b4 00b6 009b 001e 0088 
0580 0096 007d 0053 	        DECLE   $96, $7D, $53, $FF, $D3, $77, $8E, $6A, $00, $7D, $0A, $F1, $00, $D0, $56, $10    ; $0580
0583 00ff 00d3 0077 008e 006a 0000 007d 000a 
058b 00f1 0000 00d0 0056 0010 
0590 0032 009c 00a0 	        DECLE   $32, $9C, $A0, $A9, $2D, $BF, $22, $1F, $68, $F4, $F4, $A3, $F8, $93, $DE, $80    ; $0590
0593 00a9 002d 00bf 0022 001f 0068 00f4 00f4 
059b 00a3 00f8 0093 00de 0080 
05a0 0055 007f 00d3 	        DECLE   $55, $7F, $D3, $DA, $AF, $E6, $4F, $4A, $03, $56, $1C, $4A, $CD, $3C, $7A, $43    ; $05A0
05a3 00da 00af 00e6 004f 004a 0003 0056 001c 
05ab 004a 00cd 003c 007a 0043 
05b0 009c 0099 0077 	        DECLE   $9C, $99, $77, $4A, $F9, $CD, $0B, $4A, $06, $00, $53, $26, $78, $3C, $00, $D0    ; $05B0
05b3 004a 00f9 00cd 000b 004a 0006 0000 0053 
05bb 0026 0078 003c 0000 00d0 
05c0 003e 00d8 00d2 	        DECLE   $3E, $D8, $D2, $FE, $D0, $56, $D8, $BA, $F1, $00, $D0, $61, $D0, $55, $F3, $D0    ; $05C0
05c3 00fe 00d0 0056 00d8 00ba 00f1 0000 00d0 
05cb 0061 00d0 0055 00f3 00d0 
05d0 0056 00d8 00ba 	        DECLE   $56, $D8, $BA, $F1, $00, $D0, $61, $D8, $9E, $D0, $61, $F5, $D0, $56, $D8, $BA    ; $05D0
05d3 00f1 0000 00d0 0061 00d8 009e 00d0 0061 
05db 00f5 00d0 0056 00d8 00ba 
05e0 00f1 0000 00d0 	        DECLE   $F1, $00, $D0, $06, $D0, $06, $D0, $53, $D0, $06, $D0, $06, $F4, $D0, $56, $D8    ; $05E0
05e3 0006 00d0 0006 00d0 0053 00d0 0006 00d0 
05eb 0006 00f4 00d0 0056 00d8 
05f0 00ba 00f1 0000 	        DECLE   $BA, $F1, $00, $D0, $06, $D0, $06, $D8, $D1, $D0, $56, $D8, $BA, $F1, $00, $D8    ; $05F0
05f3 00d0 0006 00d0 0006 00d8 00d1 00d0 0056 
05fb 00d8 00ba 00f1 0000 00d8 
0600 00cd 00fe 00d0 	        DECLE   $CD, $FE, $D0, $56, $D8, $BA, $F1, $00, $D8, $B0, $D8, $B4, $D0, $56, $D8, $BA    ; $0600
0603 0056 00d8 00ba 00f1 0000 00d8 00b0 00d8 
060b 00b4 00d0 0056 00d8 00ba 
0610 00f1 0000 00d0 	        DECLE   $F1, $00, $D0, $56, $10, $32, $6D, $93, $AB, $B1, $BF, $1A, $1F, $46, $EE, $ED    ; $0610
0613 0056 0010 0032 006d 0093 00ab 00b1 00bf 
061b 001a 001f 0046 00ee 00ed 
0620 001a 00ad 00c7 	        DECLE   $1A, $AD, $C7, $6A, $F6, $A2, $35, $5B, $DD, $9F, $F4, $A4, $9B, $FC, $DB, $8B    ; $0620
0623 006a 00f6 00a2 0035 005b 00dd 009f 00f4 
062b 00a4 009b 00fc 00db 008b 
0630 003c 0000 0087 	        DECLE   $3C, $00, $87, $60, $F6, $7A, $68, $2B, $D8, $13, $F1, $00, $D0, $3E, $D8, $D2    ; $0630
0633 0060 00f6 007a 0068 002b 00d8 0013 00f1 
063b 0000 00d0 003e 00d8 00d2 
0640 00d0 0056 00d8 	        DECLE   $D0, $56, $D8, $13, $F1, $00, $D0, $61, $D0, $55, $F3, $D0, $56, $D8, $13, $F1    ; $0640
0643 0013 00f1 0000 00d0 0061 00d0 0055 00f3 
064b 00d0 0056 00d8 0013 00f1 
0650 0000 00d0 0061 	        DECLE   $00, $D0, $61, $D8, $9E, $D0, $61, $D0, $56, $D8, $13, $F1, $00, $D0, $06, $D0    ; $0650
0653 00d8 009e 00d0 0061 00d0 0056 00d8 0013 
065b 00f1 0000 00d0 0006 00d0 
0660 0006 00d0 0053 	        DECLE   $06, $D0, $53, $D0, $06, $D0, $06, $F4, $D0, $56, $D8, $13, $F1, $00, $D0, $06    ; $0660
0663 00d0 0006 00d0 0006 00f4 00d0 0056 00d8 
066b 0013 00f1 0000 00d0 0006 
0670 00d0 0006 00d8 	        DECLE   $D0, $06, $D8, $D1, $D0, $56, $D8, $13, $F1, $00, $D8, $CD, $F7, $D0, $56, $D8    ; $0670
0673 00d1 00d0 0056 00d8 0013 00f1 0000 00d8 
067b 00cd 00f7 00d0 0056 00d8 
0680 0013 00f1 0000 	        DECLE   $13, $F1, $00, $D8, $B0, $D8, $B4, $D0, $56, $D8, $13, $F1, $00, $10, $25, $02    ; $0680
0683 00d8 00b0 00d8 00b4 00d0 0056 00d8 0013 
068b 00f1 0000 0010 0025 0002 
0690 00c0 0010 0097 	        DECLE   $C0, $10, $97, $BC, $A4, $01, $A8, $02, $93, $CF, $D8, $7D, $B6, $D6, $FE, $6A    ; $0690
0693 00bc 00a4 0001 00a8 0002 0093 00cf 00d8 
069b 007d 00b6 00d6 00fe 006a 
06a0 007c 001c 00d2 	        DECLE   $7C, $1C, $D2, $1D, $D0, $EE, $3F, $5A, $FE, $4D, $FD, $47, $4B, $C6, $B9, $FF    ; $06A0
06a3 001d 00d0 00ee 003f 005a 00fe 004d 00fd 
06ab 0047 004b 00c6 00b9 00ff 
06b0 0088 0003 0020 	        DECLE   $88, $03, $20, $43, $27, $97, $E9, $40, $3D, $BD, $ED, $D5, $F8, $38, $A3, $2E    ; $06B0
06b3 0043 0027 0097 00e9 0040 003d 00bd 00ed 
06bb 00d5 00f8 0038 00a3 002e 
06c0 0024 00dd 005d 	        DECLE   $24, $DD, $5D, $F4, $CD, $A4, $DB, $8F, $BA, $95, $74, $FF, $D1, $8E, $72, $EE    ; $06C0
06c3 00f4 00cd 00a4 00db 008f 00ba 0095 0074 
06cb 00ff 00d1 008e 0072 00ee 
06d0 001f 000f 0000 	        DECLE   $1F, $0F, $00, $D0, $3E, $10, $35, $37, $9A, $AB, $B5, $BF, $1A, $1F, $C7, $74    ; $06D0
06d3 00d0 003e 0010 0035 0037 009a 00ab 00b5 
06db 00bf 001a 001f 00c7 0074 
06e0 004f 00b3 00fa 	        DECLE   $4F, $B3, $FA, $97, $BE, $7E, $15, $03, $52, $33, $93, $66, $60, $52, $00, $AC    ; $06E0
06e3 0097 00be 007e 0015 0003 0052 0033 0093 
06eb 0066 0060 0052 0000 00ac 
06f0 00f1 0006 004e 	        DECLE   $F1, $06, $4E, $1A, $80, $3B, $06, $C5, $0C, $F7, $EA, $69, $ED, $AF, $C6, $C7    ; $06F0
06f3 001a 0080 003b 0006 00c5 000c 00f7 00ea 
06fb 0069 00ed 00af 00c6 00c7 
0700 0021 00ed 0090 	        DECLE   $21, $ED, $90, $E7, $06, $A2, $15, $F6, $D4, $7F, $3E, $A4, $00, $48, $E3, $91    ; $0700
0703 00e7 0006 00a2 0015 00f6 00d4 007f 003e 
070b 00a4 0000 0048 00e3 0091 
0710 00c7 0003 0000 	        DECLE   $C7, $03, $00, $D0, $56, $D8, $BA, $F1, $00, $D0, $56, $D8, $13, $F1, $00, $10    ; $0710
0713 00d0 0056 00d8 00ba 00f1 0000 00d0 0056 
071b 00d8 0013 00f1 0000 0010 
0720 0028 001d 00c0 	        DECLE   $28, $1D, $C0, $18, $1D, $7C, $86, $DC, $33, $B5, $2E, $4F, $E3, $D2, $8C, $D6    ; $0720
0723 0018 001d 007c 0086 00dc 0033 00b5 002e 
072b 004f 00e3 00d2 008c 00d6 
0730 007f 0075 00f7 	        DECLE   $7F, $75, $F7, $51, $1B, $B1, $6E, $3F, $7A, $FB, $D5, $FD, $A1, $0D, $00, $D0    ; $0730
0733 0051 001b 00b1 006e 003f 007a 00fb 00d5 
073b 00fd 00a1 000d 0000 00d0 
0740 0006 00f1 0000 	        DECLE   $06, $F1, $00, $10, $34, $76, $9C, $A9, $BB, $7F, $1D, $22, $68, $74, $7F, $AB    ; $0740
0743 0010 0034 0076 009c 00a9 00bb 007f 001d 
074b 0022 0068 0074 007f 00ab 
0750 00fc 008f 00b2 	        DECLE   $FC, $8F, $B2, $77, $73, $FF, $99, $CB, $30, $62, $C7, $5F, $53, $82, $9E, $4F    ; $0750
0753 0077 0073 00ff 0099 00cb 0030 0062 00c7 
075b 005f 0053 0082 009e 004f 
0760 00e2 0001 0058 	        DECLE   $E2, $01, $58, $F2, $F1, $67, $4C, $44, $53, $6F, $FB, $3A, $44, $90, $A8, $E9    ; $0760
0763 00f2 00f1 0067 004c 0044 0053 006f 00fb 
076b 003a 0044 0090 00a8 00e9 
0770 004b 0077 0097 	        DECLE   $4B, $77, $97, $2B, $D1, $E3, $01, $00, $D0, $19, $D0, $55, $F1, $00, $10, $32    ; $0770
0773 002b 00d1 00e3 0001 0000 00d0 0019 00d0 
077b 0055 00f1 0000 0010 0032 
0780 00b4 00a9 00a9 	        DECLE   $B4, $A9, $A9, $BB, $7F, $1D, $22, $48, $EE, $96, $0D, $DD, $8F, $6B, $FF, $72    ; $0780
0783 00bb 007f 001d 0022 0048 00ee 0096 000d 
078b 00dd 008f 006b 00ff 0072 
0790 00bb 0073 00e8 	        DECLE   $BB, $73, $E8, $1E, $6D, $F9, $17, $7D, $69, $EB, $FE, $A1, $2C, $E3, $DC, $60    ; $0790
0793 001e 006d 00f9 0017 007d 0069 00eb 00fe 
079b 00a1 002c 00e3 00dc 0060 
07a0 00f4 00b4 009b 	        DECLE   $F4, $B4, $9B, $1A, $C4, $9D, $69, $73, $56, $9B, $A8, $4B, $45, $37, $88, $63    ; $07A0
07a3 001a 00c4 009d 0069 0073 0056 009b 00a8 
07ab 004b 0045 0037 0088 0063 
07b0 00ab 00e2 0001 	        DECLE   $AB, $E2, $01, $00, $F1, $00, $F1, $00, $F1, $00, $F1, $00, $F1, $00, $00, $00    ; $07B0
07b3 0000 00f1 0000 00f1 0000 00f1 0000 00f1 
07bb 0000 00f1 0000 0000 0000 
07c0 0000 0000 0000 	        DECLE   $00, $00, $00, $00, $00, $00, $00, $00, $00, $00, $00, $00, $00, $00, $00, $00    ; $07C0
07c3 0000 0000 0000 0000 0000 0000 0000 0000 
07cb 0000 0000 0000 0000 0000 
07d0 0000 0000 0000 	        DECLE   $00, $00, $00, $00, $00, $00, $00, $00, $00, $00, $00, $00, $00, $00, $00, $00    ; $07D0
07d3 0000 0000 0000 0000 0000 0000 0000 0000 
07db 0000 0000 0000 0000 0000 
07e0 0000 0000 0000 	        DECLE   $00, $00, $00, $00, $00, $00, $00, $00, $00, $00, $00, $00, $00, $00, $00, $00    ; $07E0
07e3 0000 0000 0000 0000 0000 0000 0000 0000 
07eb 0000 0000 0000 0000 0000 
07f0 0000 0000 0000 	        DECLE   $00, $00, $00, $00, $00, $00, $00, $00, $00, $00, $00, $00, $00, $00, $00, $00    ; $07F0
07f3 0000 0000 0000 0000 0000 0000 0000 0000 
07fb 0000 0000 0000 0000 0000 

			        END
 ERROR SUMMARY - ERRORS DETECTED 0
               -  WARNINGS       0
