00000000 GROM_CHARACTERS  000006a8 GROM_EXEC_OVERF  
			; Intellivision Graphics ROM (GROM) -- byte-exact reconstruction.
			; Generated by grom/reconstruct.py; do not hand-edit this file.
			; Source: roms/GROM, The (1978) (General Instruments) [!].int (SHA-256 a80b6841182547d08635ad30a6af71441c4c9eed9391b3dd22feb30d8e50cc85)
			; GI RO-3-9503: 2048 x 8-bit ROM, addressed by the STIC.
			; Offsets $000-$6A7 contain 213 8x8 character patterns; the remaining
			; 344 bytes are Executive overflow code/data copied into BACKTAB RAM.

			        ROMW    8
 0x0                            ORG     $0000

 0x0                    GROM_CHARACTERS:
0000 0000 0000 0000 	        DECLE   $00, $00, $00, $00, $00, $00, $00, $00, $30, $30, $30, $30, $30, $00, $30, $00    ; $0000
0003 0000 0000 0000 0000 0000 0030 0030 0030 
000b 0030 0030 0000 0030 0000 
0010 0066 0066 0000 	        DECLE   $66, $66, $00, $00, $00, $00, $00, $00, $00, $14, $3E, $14, $3E, $14, $00, $00    ; $0010
0013 0000 0000 0000 0000 0000 0000 0014 003e 
001b 0014 003e 0014 0000 0000 
0020 0010 00fe 00d0 	        DECLE   $10, $FE, $D0, $FE, $16, $D6, $FE, $10, $00, $62, $64, $08, $10, $26, $46, $00    ; $0020
0023 00fe 0016 00d6 00fe 0010 0000 0062 0064 
002b 0008 0010 0026 0046 0000 
0030 0010 007c 0060 	        DECLE   $10, $7C, $60, $38, $60, $7C, $10, $00, $10, $20, $40, $00, $00, $00, $00, $00    ; $0030
0033 0038 0060 007c 0010 0000 0010 0020 0040 
003b 0000 0000 0000 0000 0000 
0040 000e 0008 0008 	        DECLE   $0E, $08, $08, $08, $08, $08, $08, $0E, $70, $10, $10, $10, $10, $10, $10, $70    ; $0040
0043 0008 0008 0008 0008 000e 0070 0010 0010 
004b 0010 0010 0010 0010 0070 
0050 0010 0038 006c 	        DECLE   $10, $38, $6C, $38, $10, $00, $00, $00, $00, $18, $18, $7E, $18, $18, $00, $00    ; $0050
0053 0038 0010 0000 0000 0000 0000 0018 0018 
005b 007e 0018 0018 0000 0000 
0060 0000 0000 0000 	        DECLE   $00, $00, $00, $00, $00, $18, $18, $08, $00, $00, $00, $7E, $00, $00, $00, $00    ; $0060
0063 0000 0000 0018 0018 0008 0000 0000 0000 
006b 007e 0000 0000 0000 0000 
0070 0000 0000 0000 	        DECLE   $00, $00, $00, $00, $00, $18, $18, $00, $01, $02, $04, $08, $10, $20, $40, $80    ; $0070
0073 0000 0000 0018 0018 0000 0001 0002 0004 
007b 0008 0010 0020 0040 0080 
0080 0000 00fe 00c6 	        DECLE   $00, $FE, $C6, $D6, $D6, $C6, $FE, $00, $00, $38, $18, $18, $18, $18, $7E, $00    ; $0080
0083 00d6 00d6 00c6 00fe 0000 0000 0038 0018 
008b 0018 0018 0018 007e 0000 
0090 0000 007e 0066 	        DECLE   $00, $7E, $66, $06, $7E, $60, $7E, $00, $00, $7E, $06, $3C, $06, $06, $7E, $00    ; $0090
0093 0006 007e 0060 007e 0000 0000 007e 0006 
009b 003c 0006 0006 007e 0000 
00a0 0000 0066 0066 	        DECLE   $00, $66, $66, $66, $7E, $06, $06, $00, $00, $7E, $60, $7E, $06, $66, $7E, $00    ; $00A0
00a3 0066 007e 0006 0006 0000 0000 007e 0060 
00ab 007e 0006 0066 007e 0000 
00b0 0000 007e 0060 	        DECLE   $00, $7E, $60, $7E, $66, $66, $7E, $00, $00, $7E, $06, $0C, $18, $30, $30, $00    ; $00B0
00b3 007e 0066 0066 007e 0000 0000 007e 0006 
00bb 000c 0018 0030 0030 0000 
00c0 0000 007e 0066 	        DECLE   $00, $7E, $66, $3C, $66, $66, $7E, $00, $00, $7E, $66, $66, $7E, $06, $7E, $00    ; $00C0
00c3 003c 0066 0066 007e 0000 0000 007e 0066 
00cb 0066 007e 0006 007e 0000 
00d0 0000 0000 0018 	        DECLE   $00, $00, $18, $18, $00, $18, $18, $00, $00, $00, $18, $18, $00, $18, $18, $08    ; $00D0
00d3 0018 0000 0018 0018 0000 0000 0000 0018 
00db 0018 0000 0018 0018 0008 
00e0 0000 0006 0018 	        DECLE   $00, $06, $18, $60, $18, $06, $00, $00, $00, $00, $7E, $00, $7E, $00, $00, $00    ; $00E0
00e3 0060 0018 0006 0000 0000 0000 0000 007e 
00eb 0000 007e 0000 0000 0000 
00f0 0000 0060 0018 	        DECLE   $00, $60, $18, $06, $18, $60, $00, $00, $7E, $66, $06, $1E, $18, $00, $18, $00    ; $00F0
00f3 0006 0018 0060 0000 0000 007e 0066 0006 
00fb 001e 0018 0000 0018 0000 
0100 00fe 0082 00ba 	        DECLE   $FE, $82, $BA, $AA, $BE, $80, $FE, $00, $7E, $66, $66, $66, $7E, $66, $66, $00    ; $0100
0103 00aa 00be 0080 00fe 0000 007e 0066 0066 
010b 0066 007e 0066 0066 0000 
0110 007e 0066 0066 	        DECLE   $7E, $66, $66, $7C, $66, $66, $7E, $00, $7E, $66, $60, $60, $60, $66, $7E, $00    ; $0110
0113 007c 0066 0066 007e 0000 007e 0066 0060 
011b 0060 0060 0066 007e 0000 
0120 007c 0066 0066 	        DECLE   $7C, $66, $66, $66, $66, $66, $7C, $00, $7E, $60, $60, $7C, $60, $60, $7E, $00    ; $0120
0123 0066 0066 0066 007c 0000 007e 0060 0060 
012b 007c 0060 0060 007e 0000 
0130 007e 0060 0060 	        DECLE   $7E, $60, $60, $7C, $60, $60, $60, $00, $7E, $66, $60, $6E, $66, $66, $7E, $00    ; $0130
0133 007c 0060 0060 0060 0000 007e 0066 0060 
013b 006e 0066 0066 007e 0000 
0140 0066 0066 0066 	        DECLE   $66, $66, $66, $7E, $66, $66, $66, $00, $7E, $18, $18, $18, $18, $18, $7E, $00    ; $0140
0143 007e 0066 0066 0066 0000 007e 0018 0018 
014b 0018 0018 0018 007e 0000 
0150 0006 0006 0006 	        DECLE   $06, $06, $06, $06, $66, $66, $7E, $00, $66, $66, $6C, $78, $66, $66, $66, $00    ; $0150
0153 0006 0066 0066 007e 0000 0066 0066 006c 
015b 0078 0066 0066 0066 0000 
0160 0060 0060 0060 	        DECLE   $60, $60, $60, $60, $60, $60, $7E, $00, $82, $C6, $EE, $FE, $D6, $D6, $C6, $00    ; $0160
0163 0060 0060 0060 007e 0000 0082 00c6 00ee 
016b 00fe 00d6 00d6 00c6 0000 
0170 0046 0066 0076 	        DECLE   $46, $66, $76, $7E, $6E, $66, $62, $00, $7E, $66, $66, $66, $66, $66, $7E, $00    ; $0170
0173 007e 006e 0066 0062 0000 007e 0066 0066 
017b 0066 0066 0066 007e 0000 
0180 007e 0066 0066 	        DECLE   $7E, $66, $66, $66, $7E, $60, $60, $00, $7E, $66, $66, $66, $66, $6E, $7E, $03    ; $0180
0183 0066 007e 0060 0060 0000 007e 0066 0066 
018b 0066 0066 006e 007e 0003 
0190 007e 0066 0066 	        DECLE   $7E, $66, $66, $66, $7C, $66, $66, $00, $7E, $66, $60, $7E, $06, $66, $7E, $00    ; $0190
0193 0066 007c 0066 0066 0000 007e 0066 0060 
019b 007e 0006 0066 007e 0000 
01a0 007e 0018 0018 	        DECLE   $7E, $18, $18, $18, $18, $18, $18, $00, $66, $66, $66, $66, $66, $66, $7E, $00    ; $01A0
01a3 0018 0018 0018 0018 0000 0066 0066 0066 
01ab 0066 0066 0066 007e 0000 
01b0 0066 0066 0066 	        DECLE   $66, $66, $66, $24, $3C, $18, $18, $00, $C6, $C6, $D6, $D6, $FE, $6C, $6C, $00    ; $01B0
01b3 0024 003c 0018 0018 0000 00c6 00c6 00d6 
01bb 00d6 00fe 006c 006c 0000 
01c0 0066 0066 003c 	        DECLE   $66, $66, $3C, $18, $3C, $66, $66, $00, $66, $66, $66, $66, $7E, $18, $18, $00    ; $01C0
01c3 0018 003c 0066 0066 0000 0066 0066 0066 
01cb 0066 007e 0018 0018 0000 
01d0 007e 0006 000c 	        DECLE   $7E, $06, $0C, $18, $30, $60, $7E, $00, $1E, $18, $18, $18, $18, $18, $18, $1E    ; $01D0
01d3 0018 0030 0060 007e 0000 001e 0018 0018 
01db 0018 0018 0018 0018 001e 
01e0 0080 0040 0020 	        DECLE   $80, $40, $20, $10, $08, $04, $02, $01, $78, $18, $18, $18, $18, $18, $18, $78    ; $01E0
01e3 0010 0008 0004 0002 0001 0078 0018 0018 
01eb 0018 0018 0018 0018 0078 
01f0 0010 0038 0054 	        DECLE   $10, $38, $54, $92, $10, $10, $10, $00, $08, $10, $20, $7E, $20, $10, $08, $00    ; $01F0
01f3 0092 0010 0010 0010 0000 0008 0010 0020 
01fb 007e 0020 0010 0008 0000 
0200 0008 0004 0002 	        DECLE   $08, $04, $02, $00, $00, $00, $00, $00, $00, $00, $7C, $0C, $7C, $6C, $7E, $00    ; $0200
0203 0000 0000 0000 0000 0000 0000 0000 007c 
020b 000c 007c 006c 007e 0000 
0210 0070 0030 003e 	        DECLE   $70, $30, $3E, $36, $36, $36, $3E, $00, $00, $00, $7E, $66, $60, $60, $7E, $00    ; $0210
0213 0036 0036 0036 003e 0000 0000 0000 007e 
021b 0066 0060 0060 007e 0000 
0220 000e 000c 007c 	        DECLE   $0E, $0C, $7C, $6C, $6C, $6C, $7C, $00, $00, $00, $7E, $66, $7E, $60, $7E, $00    ; $0220
0223 006c 006c 006c 007c 0000 0000 0000 007e 
022b 0066 007e 0060 007e 0000 
0230 0000 003e 0030 	        DECLE   $00, $3E, $30, $7C, $30, $30, $30, $00, $00, $00, $7E, $6C, $6C, $7C, $0C, $7C    ; $0230
0233 007c 0030 0030 0030 0000 0000 0000 007e 
023b 006c 006c 007c 000c 007c 
0240 0060 0060 007c 	        DECLE   $60, $60, $7C, $6C, $6C, $6C, $6E, $00, $18, $00, $38, $18, $18, $18, $7E, $00    ; $0240
0243 006c 006c 006c 006e 0000 0018 0000 0038 
024b 0018 0018 0018 007e 0000 
0250 0006 0000 0006 	        DECLE   $06, $00, $06, $06, $06, $36, $36, $3E, $60, $60, $66, $6C, $78, $66, $66, $00    ; $0250
0253 0006 0006 0036 0036 003e 0060 0060 0066 
025b 006c 0078 0066 0066 0000 
0260 0038 0018 0018 	        DECLE   $38, $18, $18, $18, $18, $18, $7E, $00, $00, $00, $FE, $D6, $D6, $D6, $D6, $00    ; $0260
0263 0018 0018 0018 007e 0000 0000 0000 00fe 
026b 00d6 00d6 00d6 00d6 0000 
0270 0000 0000 007e 	        DECLE   $00, $00, $7E, $36, $36, $36, $36, $00, $00, $00, $7E, $66, $66, $66, $7E, $00    ; $0270
0273 0036 0036 0036 0036 0000 0000 0000 007e 
027b 0066 0066 0066 007e 0000 
0280 0000 0000 007e 	        DECLE   $00, $00, $7E, $36, $36, $3E, $30, $30, $00, $00, $7C, $6C, $6C, $7C, $0C, $0E    ; $0280
0283 0036 0036 003e 0030 0030 0000 0000 007c 
028b 006c 006c 007c 000c 000e 
0290 0000 0000 007e 	        DECLE   $00, $00, $7E, $36, $30, $30, $30, $00, $00, $00, $7E, $60, $7E, $06, $7E, $00    ; $0290
0293 0036 0030 0030 0030 0000 0000 0000 007e 
029b 0060 007e 0006 007e 0000 
02a0 0000 0030 007e 	        DECLE   $00, $30, $7E, $30, $30, $30, $3E, $00, $00, $00, $6C, $6C, $6C, $6C, $7E, $00    ; $02A0
02a3 0030 0030 0030 003e 0000 0000 0000 006c 
02ab 006c 006c 006c 007e 0000 
02b0 0000 0000 0066 	        DECLE   $00, $00, $66, $66, $66, $3C, $18, $00, $00, $00, $D6, $D6, $D6, $FE, $6C, $00    ; $02B0
02b3 0066 0066 003c 0018 0000 0000 0000 00d6 
02bb 00d6 00d6 00fe 006c 0000 
02c0 0000 0000 0066 	        DECLE   $00, $00, $66, $3C, $18, $3C, $66, $00, $00, $00, $76, $36, $36, $3E, $06, $3E    ; $02C0
02c3 003c 0018 003c 0066 0000 0000 0000 0076 
02cb 0036 0036 003e 0006 003e 
02d0 0000 0000 007e 	        DECLE   $00, $00, $7E, $06, $18, $60, $7E, $00, $0E, $08, $08, $30, $08, $08, $0E, $00    ; $02D0
02d3 0006 0018 0060 007e 0000 000e 0008 0008 
02db 0030 0008 0008 000e 0000 
02e0 0018 0018 0018 	        DECLE   $18, $18, $18, $18, $18, $18, $18, $18, $70, $10, $10, $0C, $10, $10, $70, $00    ; $02E0
02e3 0018 0018 0018 0018 0018 0070 0010 0010 
02eb 000c 0010 0010 0070 0000 
02f0 0000 0000 0000 	        DECLE   $00, $00, $00, $78, $1E, $00, $00, $00, $FF, $FF, $FF, $FF, $FF, $FF, $FF, $FF    ; $02F0
02f3 0078 001e 0000 0000 0000 00ff 00ff 00ff 
02fb 00ff 00ff 00ff 00ff 00ff 
0300 0000 0000 0000 	        DECLE   $00, $00, $00, $00, $00, $03, $1F, $FF, $00, $00, $00, $00, $00, $C0, $F8, $FF    ; $0300
0303 0000 0000 0003 001f 00ff 0000 0000 0000 
030b 0000 0000 00c0 00f8 00ff 
0310 00ff 001f 0003 	        DECLE   $FF, $1F, $03, $00, $00, $00, $00, $00, $FF, $F8, $C0, $00, $00, $00, $00, $00    ; $0310
0313 0000 0000 0000 0000 0000 00ff 00f8 00c0 
031b 0000 0000 0000 0000 0000 
0320 0000 0000 0001 	        DECLE   $00, $00, $01, $0F, $7F, $FF, $FF, $FF, $00, $00, $80, $F0, $FE, $FF, $FF, $FF    ; $0320
0323 000f 007f 00ff 00ff 00ff 0000 0000 0080 
032b 00f0 00fe 00ff 00ff 00ff 
0330 00ff 00ff 00ff 	        DECLE   $FF, $FF, $FF, $7F, $0F, $01, $00, $00, $FF, $FF, $FF, $FE, $F0, $80, $00, $00    ; $0330
0333 007f 000f 0001 0000 0000 00ff 00ff 00ff 
033b 00fe 00f0 0080 0000 0000 
0340 0007 003f 00ff 	        DECLE   $07, $3F, $FF, $FF, $FF, $FF, $FF, $FF, $E0, $FC, $FF, $FF, $FF, $FF, $FF, $FF    ; $0340
0343 00ff 00ff 00ff 00ff 00ff 00e0 00fc 00ff 
034b 00ff 00ff 00ff 00ff 00ff 
0350 00ff 00ff 00ff 	        DECLE   $FF, $FF, $FF, $FF, $FF, $FF, $3F, $07, $FF, $FF, $FF, $FF, $FF, $FF, $FC, $E0    ; $0350
0353 00ff 00ff 00ff 003f 0007 00ff 00ff 00ff 
035b 00ff 00ff 00ff 00fc 00e0 
0360 0000 0000 0000 	        DECLE   $00, $00, $00, $00, $03, $0F, $3F, $FF, $00, $00, $00, $00, $C0, $F0, $FC, $FF    ; $0360
0363 0000 0003 000f 003f 00ff 0000 0000 0000 
036b 0000 00c0 00f0 00fc 00ff 
0370 00ff 003f 000f 	        DECLE   $FF, $3F, $0F, $03, $00, $00, $00, $00, $FF, $FC, $F0, $C0, $00, $00, $00, $00    ; $0370
0373 0003 0000 0000 0000 0000 00ff 00fc 00f0 
037b 00c0 0000 0000 0000 0000 
0380 0003 000f 003f 	        DECLE   $03, $0F, $3F, $FF, $FF, $FF, $FF, $FF, $C0, $F0, $FC, $FF, $FF, $FF, $FF, $FF    ; $0380
0383 00ff 00ff 00ff 00ff 00ff 00c0 00f0 00fc 
038b 00ff 00ff 00ff 00ff 00ff 
0390 00ff 00ff 00ff 	        DECLE   $FF, $FF, $FF, $FF, $FF, $3F, $0F, $03, $FF, $FF, $FF, $FF, $FF, $FC, $F0, $C0    ; $0390
0393 00ff 00ff 003f 000f 0003 00ff 00ff 00ff 
039b 00ff 00ff 00fc 00f0 00c0 
03a0 0001 0003 0007 	        DECLE   $01, $03, $07, $0F, $1F, $3F, $7F, $FF, $80, $C0, $E0, $F0, $F8, $FC, $FE, $FF    ; $03A0
03a3 000f 001f 003f 007f 00ff 0080 00c0 00e0 
03ab 00f0 00f8 00fc 00fe 00ff 
03b0 00ff 007f 003f 	        DECLE   $FF, $7F, $3F, $1F, $0F, $07, $03, $01, $FF, $FE, $FC, $F8, $F0, $E0, $C0, $80    ; $03B0
03b3 001f 000f 0007 0003 0001 00ff 00fe 00fc 
03bb 00f8 00f0 00e0 00c0 0080 
03c0 0000 0000 0000 	        DECLE   $00, $00, $00, $00, $01, $03, $07, $0F, $00, $00, $00, $00, $80, $C0, $E0, $F0    ; $03C0
03c3 0000 0001 0003 0007 000f 0000 0000 0000 
03cb 0000 0080 00c0 00e0 00f0 
03d0 000f 0007 0003 	        DECLE   $0F, $07, $03, $01, $00, $00, $00, $00, $F0, $E0, $C0, $80, $00, $00, $00, $00    ; $03D0
03d3 0001 0000 0000 0000 0000 00f0 00e0 00c0 
03db 0080 0000 0000 0000 0000 
03e0 001f 003f 007f 	        DECLE   $1F, $3F, $7F, $FF, $FF, $FF, $FF, $FF, $F8, $FC, $FE, $FF, $FF, $FF, $FF, $FF    ; $03E0
03e3 00ff 00ff 00ff 00ff 00ff 00f8 00fc 00fe 
03eb 00ff 00ff 00ff 00ff 00ff 
03f0 00ff 00ff 00ff 	        DECLE   $FF, $FF, $FF, $FF, $FF, $7F, $3F, $1F, $FF, $FF, $FF, $FF, $FF, $FE, $FC, $F8    ; $03F0
03f3 00ff 00ff 007f 003f 001f 00ff 00ff 00ff 
03fb 00ff 00ff 00fe 00fc 00f8 
0400 001f 001f 003f 	        DECLE   $1F, $1F, $3F, $3F, $7F, $7F, $FF, $FF, $F8, $F8, $FC, $FC, $FE, $FE, $FF, $FF    ; $0400
0403 003f 007f 007f 00ff 00ff 00f8 00f8 00fc 
040b 00fc 00fe 00fe 00ff 00ff 
0410 00ff 00ff 007f 	        DECLE   $FF, $FF, $7F, $7F, $3F, $3F, $1F, $1F, $FF, $FF, $FE, $FE, $FC, $FC, $F8, $F8    ; $0410
0413 007f 003f 003f 001f 001f 00ff 00ff 00fe 
041b 00fe 00fc 00fc 00f8 00f8 
0420 0001 0001 0003 	        DECLE   $01, $01, $03, $03, $07, $07, $0F, $0F, $80, $80, $C0, $C0, $E0, $E0, $F0, $F0    ; $0420
0423 0003 0007 0007 000f 000f 0080 0080 00c0 
042b 00c0 00e0 00e0 00f0 00f0 
0430 000f 000f 0007 	        DECLE   $0F, $0F, $07, $07, $03, $03, $01, $01, $F0, $F0, $E0, $E0, $C0, $C0, $80, $80    ; $0430
0433 0007 0003 0003 0001 0001 00f0 00f0 00e0 
043b 00e0 00c0 00c0 0080 0080 
0440 003f 003f 007f 	        DECLE   $3F, $3F, $7F, $7F, $7F, $FF, $FF, $FF, $FC, $FC, $FE, $FE, $FE, $FF, $FF, $FF    ; $0440
0443 007f 007f 00ff 00ff 00ff 00fc 00fc 00fe 
044b 00fe 00fe 00ff 00ff 00ff 
0450 00ff 00ff 00ff 	        DECLE   $FF, $FF, $FF, $7F, $7F, $7F, $3F, $3F, $FF, $FF, $FF, $FE, $FE, $FE, $FC, $FC    ; $0450
0453 007f 007f 007f 003f 003f 00ff 00ff 00ff 
045b 00fe 00fe 00fe 00fc 00fc 
0460 0007 000f 000f 	        DECLE   $07, $0F, $0F, $0F, $1F, $1F, $1F, $3F, $E0, $F0, $F0, $F0, $F8, $F8, $F8, $FC    ; $0460
0463 000f 001f 001f 001f 003f 00e0 00f0 00f0 
046b 00f0 00f8 00f8 00f8 00fc 
0470 003f 001f 001f 	        DECLE   $3F, $1F, $1F, $1F, $0F, $0F, $0F, $07, $FC, $F8, $F8, $F8, $F0, $F0, $F0, $E0    ; $0470
0473 001f 000f 000f 000f 0007 00fc 00f8 00f8 
047b 00f8 00f0 00f0 00f0 00e0 
0480 0001 0001 0001 	        DECLE   $01, $01, $01, $03, $03, $03, $07, $07, $80, $80, $80, $C0, $C0, $C0, $E0, $E0    ; $0480
0483 0003 0003 0003 0007 0007 0080 0080 0080 
048b 00c0 00c0 00c0 00e0 00e0 
0490 0007 0007 0003 	        DECLE   $07, $07, $03, $03, $03, $01, $01, $01, $E0, $E0, $C0, $C0, $C0, $80, $80, $80    ; $0490
0493 0003 0003 0001 0001 0001 00e0 00e0 00c0 
049b 00c0 00c0 0080 0080 0080 
04a0 0000 0000 0000 	        DECLE   $00, $00, $00, $00, $00, $00, $0F, $FF, $00, $00, $00, $00, $00, $00, $F0, $FF    ; $04A0
04a3 0000 0000 0000 000f 00ff 0000 0000 0000 
04ab 0000 0000 0000 00f0 00ff 
04b0 0000 0000 0000 	        DECLE   $00, $00, $00, $00, $0F, $FF, $FF, $FF, $00, $00, $00, $00, $F0, $FF, $FF, $FF    ; $04B0
04b3 0000 000f 00ff 00ff 00ff 0000 0000 0000 
04bb 0000 00f0 00ff 00ff 00ff 
04c0 0000 0000 000f 	        DECLE   $00, $00, $0F, $FF, $FF, $FF, $FF, $FF, $00, $00, $F0, $FF, $FF, $FF, $FF, $FF    ; $04C0
04c3 00ff 00ff 00ff 00ff 00ff 0000 0000 00f0 
04cb 00ff 00ff 00ff 00ff 00ff 
04d0 000f 00ff 00ff 	        DECLE   $0F, $FF, $FF, $FF, $FF, $FF, $FF, $FF, $F0, $FF, $FF, $FF, $FF, $FF, $FF, $FF    ; $04D0
04d3 00ff 00ff 00ff 00ff 00ff 00f0 00ff 00ff 
04db 00ff 00ff 00ff 00ff 00ff 
04e0 0001 0001 0001 	        DECLE   $01, $01, $01, $01, $03, $03, $03, $03, $80, $80, $80, $80, $C0, $C0, $C0, $C0    ; $04E0
04e3 0001 0003 0003 0003 0003 0080 0080 0080 
04eb 0080 00c0 00c0 00c0 00c0 
04f0 0007 0007 0007 	        DECLE   $07, $07, $07, $07, $0F, $0F, $0F, $0F, $E0, $E0, $E0, $E0, $F0, $F0, $F0, $F0    ; $04F0
04f3 0007 000f 000f 000f 000f 00e0 00e0 00e0 
04fb 00e0 00f0 00f0 00f0 00f0 
0500 001f 001f 001f 	        DECLE   $1F, $1F, $1F, $1F, $3F, $3F, $3F, $3F, $F8, $F8, $F8, $F8, $FC, $FC, $FC, $FC    ; $0500
0503 001f 003f 003f 003f 003f 00f8 00f8 00f8 
050b 00f8 00fc 00fc 00fc 00fc 
0510 007f 007f 007f 	        DECLE   $7F, $7F, $7F, $7F, $FF, $FF, $FF, $FF, $FE, $FE, $FE, $FE, $FF, $FF, $FF, $FF    ; $0510
0513 007f 00ff 00ff 00ff 00ff 00fe 00fe 00fe 
051b 00fe 00ff 00ff 00ff 00ff 
0520 000f 000f 000f 	        DECLE   $0F, $0F, $0F, $0F, $0F, $0F, $0F, $0F, $F0, $F0, $F0, $F0, $F0, $F0, $F0, $F0    ; $0520
0523 000f 000f 000f 000f 000f 00f0 00f0 00f0 
052b 00f0 00f0 00f0 00f0 00f0 
0530 0000 0000 0000 	        DECLE   $00, $00, $00, $00, $00, $00, $0F, $F0, $00, $00, $00, $00, $00, $00, $F0, $0F    ; $0530
0533 0000 0000 0000 000f 00f0 0000 0000 0000 
053b 0000 0000 0000 00f0 000f 
0540 0000 0000 0000 	        DECLE   $00, $00, $00, $00, $0F, $F0, $00, $00, $00, $00, $00, $00, $F0, $0F, $00, $00    ; $0540
0543 0000 000f 00f0 0000 0000 0000 0000 0000 
054b 0000 00f0 000f 0000 0000 
0550 0000 0000 000f 	        DECLE   $00, $00, $0F, $F0, $00, $00, $00, $00, $00, $00, $F0, $0F, $00, $00, $00, $00    ; $0550
0553 00f0 0000 0000 0000 0000 0000 0000 00f0 
055b 000f 0000 0000 0000 0000 
0560 000f 00f0 0000 	        DECLE   $0F, $F0, $00, $00, $00, $00, $00, $00, $F0, $0F, $00, $00, $00, $00, $00, $00    ; $0560
0563 0000 0000 0000 0000 0000 00f0 000f 0000 
056b 0000 0000 0000 0000 0000 
0570 0000 0000 0000 	        DECLE   $00, $00, $00, $00, $00, $03, $1C, $E0, $00, $00, $00, $00, $00, $C0, $38, $07    ; $0570
0573 0000 0000 0003 001c 00e0 0000 0000 0000 
057b 0000 0000 00c0 0038 0007 
0580 0000 0000 0001 	        DECLE   $00, $00, $01, $0E, $70, $80, $00, $00, $00, $00, $80, $70, $0E, $01, $00, $00    ; $0580
0583 000e 0070 0080 0000 0000 0000 0000 0080 
058b 0070 000e 0001 0000 0000 
0590 0007 0038 00c0 	        DECLE   $07, $38, $C0, $00, $00, $00, $00, $00, $E0, $1C, $03, $00, $00, $00, $00, $00    ; $0590
0593 0000 0000 0000 0000 0000 00e0 001c 0003 
059b 0000 0000 0000 0000 0000 
05a0 0000 0000 0000 	        DECLE   $00, $00, $00, $00, $03, $0C, $30, $C0, $00, $00, $00, $00, $C0, $30, $0C, $03    ; $05A0
05a3 0000 0003 000c 0030 00c0 0000 0000 0000 
05ab 0000 00c0 0030 000c 0003 
05b0 0003 000c 0030 	        DECLE   $03, $0C, $30, $C0, $00, $00, $00, $00, $C0, $30, $0C, $03, $00, $00, $00, $00    ; $05B0
05b3 00c0 0000 0000 0000 0000 00c0 0030 000c 
05bb 0003 0000 0000 0000 0000 
05c0 0010 0020 0040 	        DECLE   $10, $20, $40, $80, $00, $00, $00, $00, $08, $04, $02, $01, $00, $00, $00, $00    ; $05C0
05c3 0080 0000 0000 0000 0000 0008 0004 0002 
05cb 0001 0000 0000 0000 0000 
05d0 0000 0000 0000 	        DECLE   $00, $00, $00, $00, $80, $40, $20, $10, $00, $00, $00, $00, $01, $02, $04, $08    ; $05D0
05d3 0000 0080 0040 0020 0010 0000 0000 0000 
05db 0000 0001 0002 0004 0008 
05e0 00c0 00c0 00c0 	        DECLE   $C0, $C0, $C0, $C0, $C0, $C0, $C0, $C0, $03, $03, $03, $03, $03, $03, $03, $03    ; $05E0
05e3 00c0 00c0 00c0 00c0 00c0 0003 0003 0003 
05eb 0003 0003 0003 0003 0003 
05f0 0030 0030 0030 	        DECLE   $30, $30, $30, $30, $30, $30, $30, $30, $0C, $0C, $0C, $0C, $0C, $0C, $0C, $0C    ; $05F0
05f3 0030 0030 0030 0030 0030 000c 000c 000c 
05fb 000c 000c 000c 000c 000c 
0600 0080 0080 0080 	        DECLE   $80, $80, $80, $80, $80, $80, $80, $80, $01, $01, $01, $01, $01, $01, $01, $01    ; $0600
0603 0080 0080 0080 0080 0080 0001 0001 0001 
060b 0001 0001 0001 0001 0001 
0610 0010 0010 0010 	        DECLE   $10, $10, $10, $10, $10, $10, $10, $10, $08, $08, $08, $08, $08, $08, $08, $08    ; $0610
0613 0010 0010 0010 0010 0010 0008 0008 0008 
061b 0008 0008 0008 0008 0008 
0620 00f0 00f0 00f0 	        DECLE   $F0, $F0, $F0, $F0, $00, $00, $00, $00, $0F, $0F, $0F, $0F, $00, $00, $00, $00    ; $0620
0623 00f0 0000 0000 0000 0000 000f 000f 000f 
062b 000f 0000 0000 0000 0000 
0630 0000 0000 0000 	        DECLE   $00, $00, $00, $00, $F0, $F0, $F0, $F0, $00, $00, $00, $00, $0F, $0F, $0F, $0F    ; $0630
0633 0000 00f0 00f0 00f0 00f0 0000 0000 0000 
063b 0000 000f 000f 000f 000f 
0640 00ff 00ff 0000 	        DECLE   $FF, $FF, $00, $00, $00, $00, $00, $00, $00, $00, $FF, $FF, $00, $00, $00, $00    ; $0640
0643 0000 0000 0000 0000 0000 0000 0000 00ff 
064b 00ff 0000 0000 0000 0000 
0650 0000 0000 0000 	        DECLE   $00, $00, $00, $00, $FF, $FF, $00, $00, $00, $00, $00, $00, $00, $00, $FF, $FF    ; $0650
0653 0000 00ff 00ff 0000 0000 0000 0000 0000 
065b 0000 0000 0000 00ff 00ff 
0660 00ff 0000 0000 	        DECLE   $FF, $00, $00, $00, $00, $00, $00, $00, $00, $00, $00, $FF, $00, $00, $00, $00    ; $0660
0663 0000 0000 0000 0000 0000 0000 0000 0000 
066b 00ff 0000 0000 0000 0000 
0670 0000 0000 0000 	        DECLE   $00, $00, $00, $00, $FF, $00, $00, $00, $00, $00, $00, $00, $00, $00, $00, $FF    ; $0670
0673 0000 00ff 0000 0000 0000 0000 0000 0000 
067b 0000 0000 0000 0000 00ff 
0680 00ff 00ff 00ff 	        DECLE   $FF, $FF, $FF, $FF, $00, $00, $00, $00, $00, $00, $00, $00, $FF, $FF, $FF, $FF    ; $0680
0683 00ff 0000 0000 0000 0000 0000 0000 0000 
068b 0000 00ff 00ff 00ff 00ff 
0690 007e 007e 007e 	        DECLE   $7E, $7E, $7E, $7E, $7E, $7E, $7E, $7E, $00, $00, $00, $FF, $FF, $00, $00, $00    ; $0690
0693 007e 007e 007e 007e 007e 0000 0000 0000 
069b 00ff 00ff 0000 0000 0000 
06a0 0000 00ff 00ff 	        DECLE   $00, $FF, $FF, $FF, $FF, $FF, $FF, $00    ; $06A0
06a3 00ff 00ff 00ff 00ff 0000 

			; Executive overflow ($06A8)
 0x6a8                  GROM_EXEC_OVERFLOW:
06a8 004d 0061 0074 	        DECLE   $4D, $61, $74, $74, $65, $6C, $20, $45, $6C, $65, $63, $74, $72, $6F, $6E, $69    ; $06A8
06ab 0074 0065 006c 0020 0045 006c 0065 0063 
06b3 0074 0072 006f 006e 0069 
06b8 0063 0073 0020 	        DECLE   $63, $73, $20, $20, $20, $20, $20, $20, $20, $70, $72, $65, $73, $65, $6E, $74    ; $06B8
06bb 0020 0020 0020 0020 0020 0020 0070 0072 
06c3 0065 0073 0065 006e 0074 
06c8 0073 0000 0043 	        DECLE   $73, $00, $43, $6F, $70, $72, $20, $40, $20, $31, $39, $38, $34, $20, $4D, $61    ; $06C8
06cb 006f 0070 0072 0020 0040 0020 0031 0039 
06d3 0038 0034 0020 004d 0061 
06d8 0074 0074 0065 	        DECLE   $74, $74, $65, $6C, $00, $FF, $FF, $24, $00, $82, $AE, $08, $C9, $10, $14, $88    ; $06D8
06db 006c 0000 00ff 00ff 0024 0000 0082 00ae 
06e3 0008 00c9 0010 0014 0088 
06e8 0091 0008 0042 	        DECLE   $91, $08, $42, $22, $02, $82, $18, $89, $08, $20, $8A, $23, $02, $02, $20, $B8    ; $06E8
06eb 0022 0002 0082 0018 0089 0008 0020 008a 
06f3 0023 0002 0002 0020 00b8 
06f8 0082 0028 000a 	        DECLE   $82, $28, $0A, $20, $AE, $20, $8A, $AA, $92, $20, $8A, $B8, $82, $88, $22, $B8    ; $06F8
06fb 0020 00ae 0020 008a 00aa 0092 0020 008a 
0703 00b8 0082 0088 0022 00b8 
0708 0082 0088 00ea 	        DECLE   $82, $88, $EA, $8A, $AA, $AE, $88, $68, $AE, $0C, $27, $11, $1F, $00, $2B, $32    ; $0708
070b 008a 00aa 00ae 0088 0068 00ae 000c 0027 
0713 0011 001f 0000 002b 0032 
0718 000a 004a 00d1 	        DECLE   $0A, $4A, $D1, $B8, $04, $51, $72, $6A, $10, $2C, $05, $42, $62, $62, $7C, $F0    ; $0718
071b 00b8 0004 0051 0072 006a 0010 002c 0005 
0723 0042 0062 0062 007c 00f0 
0728 002c 000e 0000 	        DECLE   $2C, $0E, $00, $34, $04, $00, $C3, $98, $B8, $04, $C0, $C3, $42, $4D, $D1, $C0    ; $0728
072b 0034 0004 0000 00c3 0098 00b8 0004 00c0 
0733 00c3 0042 004d 00d1 00c0 
0738 0014 0060 000c 	        DECLE   $14, $60, $0C, $02, $B8, $00, $04, $00, $DC, $59, $29, $0A, $59, $09, $08, $04    ; $0738
073b 0002 00b8 0000 0004 0000 00dc 0059 0029 
0743 000a 0059 0009 0008 0004 
0748 0000 00dc 0059 	        DECLE   $00, $DC, $59, $29, $05, $20, $15, $14, $60, $0C, $05, $89, $04, $0A, $B8, $00    ; $0748
074b 0029 0005 0020 0015 0014 0060 000c 0005 
0753 0089 0004 000a 00b8 0000 
0758 0004 0000 00dc 	        DECLE   $04, $00, $DC, $59, $29, $0E, $20, $26, $4F, $43, $5F, $0A, $1A, $BC, $E8, $A5    ; $0758
075b 0059 0029 000e 0020 0026 004f 0043 005f 
0763 000a 001a 00bc 00e8 00a5 
0768 00a1 00b9 00ff 	        DECLE   $A1, $B9, $FF, $04, $0D, $B8, $08, $10, $71, $29, $03, $71, $0F, $69, $10, $23    ; $0768
076b 0004 000d 00b8 0008 0010 0071 0029 0003 
0773 0071 000f 0069 0010 0023 
0778 0003 0041 0069 	        DECLE   $03, $41, $69, $7D, $F0, $2C, $16, $5B, $09, $10, $BC, $E8, $A5, $A1, $B8, $04    ; $0778
077b 007d 00f0 002c 0016 005b 0009 0010 00bc 
0783 00e8 00a5 00a1 00b8 0004 
0788 007d 0056 0010 	        DECLE   $7D, $56, $10, $2C, $04, $6A, $7D, $F0, $2C, $0C, $5B, $09, $0D, $BC, $E8, $A5    ; $0788
078b 002c 0004 006a 007d 00f0 002c 000c 005b 
0793 0009 000d 00bc 00e8 00a5 
0798 00ba 00ef 00a0 	        DECLE   $BA, $EF, $A0, $91, $69, $50, $12, $62, $2E, $07, $5B, $09, $0A, $BC, $E8, $A5    ; $0798
079b 0091 0069 0050 0012 0062 002e 0007 005b 
07a3 0009 000a 00bc 00e8 00a5 
07a8 00a1 0019 0069 	        DECLE   $A1, $19, $69, $7D, $F0, $2C, $06, $5B, $09, $1A, $B8, $08, $BC, $E8, $A5, $A1    ; $07A8
07ab 007d 00f0 002c 0006 005b 0009 001a 00b8 
07b3 0008 00bc 00e8 00a5 00a1 
07b8 0079 0072 0069 	        DECLE   $79, $72, $69, $7D, $F0, $2C, $07, $42, $72, $10, $2C, $0F, $BC, $E8, $B1, $61    ; $07B8
07bb 007d 00f0 002c 0007 0042 0072 0010 002c 
07c3 000f 00bc 00e8 00b1 0061 
07c8 007c 00f0 002c 	        DECLE   $7C, $F0, $2C, $05, $B3, $BC, $E8, $B5, $A0, $68, $7C, $F0, $2C, $05, $B0, $10    ; $07C8
07cb 0005 00b3 00bc 00e8 00b5 00a0 0068 007c 
07d3 00f0 002c 0005 00b0 0010 
07d8 000c 0001 00b5 	        DECLE   $0C, $01, $B5, $B7, $C0, $60, $7C, $F0, $2C, $04, $3C, $08, $8B, $BB, $00, $04    ; $07D8
07db 00b7 00c0 0060 007c 00f0 002c 0004 003c 
07e3 0008 008b 00bb 0000 0004 
07e8 0003 00d9 004b 	        DECLE   $03, $D9, $4B, $D9, $8B, $BB, $C0, $D9, $4F, $43, $7A, $53, $AF, $7C, $F0, $24    ; $07E8
07eb 00d9 008b 00bb 00c0 00d9 004f 0043 007a 
07f3 0053 00af 007c 00f0 0024 
07f8 0098 0075 0085 	        DECLE   $98, $75, $85, $E5, $14, $65, $B7, $00    ; $07F8
07fb 00e5 0014 0065 00b7 0000 

			        END
 ERROR SUMMARY - ERRORS DETECTED 0
               -  WARNINGS       0
